[drinkwildwonder.com/index.html]
[drinkwildwonder.com/cdn/shop/files/Strawberry-01_32x326eaa.png]
[backblue.gif]
[fade.gif]
[index.html]
[drinkwildwonder.com/cdn/shop/files/wildwonder_lineup5ef5.png]
[drinkwildwonder.com/cdn/fonts/tenor_sans/tenorsans_n4.ef7b684f1cfa0d3a90338d1fa5f36acdf78896325d68.woff2]
[drinkwildwonder.com/cdn/fonts/tenor_sans/tenorsans_n4.514efc84ed8364b455bb5dd12e65583fe93ccf0fcf1e.woff]
[drinkwildwonder.com/cdn/fonts/rubik/rubik_n4.cc9422f2e84f41ed4707ebaebe66b6de39308266bcbd.woff2]
[drinkwildwonder.com/cdn/fonts/rubik/rubik_n4.e38b3e3cdf5bea8165936df21f0aa42a1290b5ea97f2.woff]
[drinkwildwonder.com/cdn/fonts/rubik/rubik_i4.c3a4c32834bb0098eb02a1464375978a8cfdd3f486c5.woff2]
[drinkwildwonder.com/cdn/fonts/rubik/rubik_i4.421a5fe8833b7937fd1f6351c8768adda28c4423d8b8.woff]
[drinkwildwonder.com/cdn/shop/t/58/assets/theme95ae.css]
[drinkwildwonder.com/cdn/shop/t/58/assets/custome73d.css]
[drinkwildwonder.com/checkouts/internal/preloadsd568.js]
[drinkwildwonder.com/modules/v2/chunk.common_9bWy_6S0.esm.js]
[drinkwildwonder.com/modules/v2/client.shop-login-button_DwzQxKIp.en.esm.js]
[cdn.shopify.com/shopifycloud/storefront-forms-hcaptcha/ce_storefront_forms_captcha_hcaptcha.v1.5.2.iife.js]
[drinkwildwonder.com/cdn/shopifycloud/shopify/assets/storefront/load_feature-1060834584ef204397b1179782a1b090047ee4397cb627244ab89e03f65c4307.js]
[drinkwildwonder.com/cdn/shopifycloud/shopify/assets/shopify_pay/storefront-80e528be853eac23af2454534897ca9536b1d3d04aa043b042f34879a3c111c8b805.js]
[drinkwildwonder.com/cdn/shopifycloud/portable-wallets/latest/portable-wallets.en.js]
[drinkwildwonder.com/cdn/shop/t/58/assets/vendor-scripts-v11.js]
[drinkwildwonder.com/cdn/shop/t/58/assets/country-flags.css]
[drinkwildwonder.com/cdn/shop/t/58/assets/pubsubb88b.js]
[drinkwildwonder.com/cdn/shop/t/58/assets/theme6582.js]
[ajax.googleapis.com/ajax/libs/jquery/3.6.0/jquery.min.js]
[cdn.rebuyengine.com/onsite/js/rebuy695e.js]
[drinkwildwonder.com/cdn/shop/t/58/assets/custom6196.js]
[cdn.jsdelivr.net/npm/jquery.marquee@1.6.0/jquery.marquee.min.js]
[cdn.judge.me/loader.js]
[cdn.judge.me/shopify_v2.css]
[www.googleoptimize.com/optimize2ebb.js]
[static.klaviyo.com/onsite/js/XKTsqw/klaviyocdb3.js]
[drinkwildwonder.com/GET]
[drinkwildwonder.com/POST]
[drinkwildwonder.com/cdn]
[drinkwildwonder.com/cdn/s/trekkie.storefront.f713401b24dad9f39ade8f88b81d533f42427af4.min.js]
[drinkwildwonder.com/cdn/shopifycloud/shopify/assets/shop_events_listener-20905db421adb60b04582abab58b285362bc2e1011d17cd3eabb3bfe05798c59.js]
[drinkwildwonder.com/cdn/shopifycloud/perf-kit/shopify-perf-kit-1.1.0.min.js]
[drinkwildwonder.com/collections/all.html]
[drinkwildwonder.com/products/shark-tank-bundle.html]
[drinkwildwonder.com/cdn/shop/files/Variety_Pack_-_Shark_Tank_2_300xd830.png]
[drinkwildwonder.com/products/variety-pack.html]
[drinkwildwonder.com/cdn/shop/files/Variety_Pack_-_6_Flavors_12_Cans_2_300xfc4e.png]
[drinkwildwonder.com/products/botanical-bouquet.html]
[drinkwildwonder.com/cdn/shop/files/VarietyPack-BotanicalBundle_300x0907.png]
[drinkwildwonder.com/products/raspberry-lychee.html]
[drinkwildwonder.com/cdn/shop/files/Raspberry_1_300x2fc3.png]
[drinkwildwonder.com/products/strawberry-passion.html]
[drinkwildwonder.com/cdn/shop/files/Strawberry_1_300x22f6.png]
[drinkwildwonder.com/products/pineapple-paradise.html]
[drinkwildwonder.com/cdn/shop/files/Pineapple_1_green_300xd1b0.png]
[drinkwildwonder.com/products/guava-rose.html]
[drinkwildwonder.com/cdn/shop/files/Guava_1_300x3078.png]
[drinkwildwonder.com/products/mango-gold.html]
[drinkwildwonder.com/cdn/shop/files/Mango_1_300x67f2.png]
[drinkwildwonder.com/products/peach-ginger.html]
[drinkwildwonder.com/cdn/shop/files/Peach_1_300x16c7.png]
[drinkwildwonder.com/products/build-your-own-bundle.html]
[drinkwildwonder.com/pages/learn.html]
[drinkwildwonder.com/blogs/gut-wellness.html]
[drinkwildwonder.com/cdn/shop/files/Learn_300xd15c.png]
[drinkwildwonder.com/pages/about.html]
[drinkwildwonder.com/cdn/shop/files/Our_Story_b3c86dce-ee60-45c4-a537-719faac62f30_300xcc5b.png]
[drinkwildwonder.com/pages/impact.html]
[drinkwildwonder.com/cdn/shop/files/Social_Impact_a8107662-5dbd-4e4f-aaac-185687ac7945_300xcc5b.png]
[drinkwildwonder.com/pages/store-locator.html]
[drinkwildwonder.com/account/login4236.html]
[drinkwildwonder.com/collections/variety-packs.html]
[drinkwildwonder.com/collections/individual-flavors.html]
[drinkwildwonder.com/collections/gifts.html]
[drinkwildwonder.com/cdn/shop/files/Variety_Pack_-_Shark_Tank_2_420xd830.png]
[drinkwildwonder.com/cdn/shop/files/Variety_Pack_-_6_Flavors_12_Cans_2_420xfc4e.png]
[drinkwildwonder.com/cdn/shop/files/VarietyPack-BotanicalBundle_420x0907.png]
[drinkwildwonder.com/cdn/shop/files/Raspberry_1_420x2fc3.png]
[drinkwildwonder.com/cdn/shop/files/Strawberry_1_420x22f6.png]
[drinkwildwonder.com/cdn/shop/files/Pineapple_1_green_420xd1b0.png]
[drinkwildwonder.com/cdn/shop/files/WW_logo_navy_d6daa7cf-3555-42a7-87a8-f4254829d466_240x8057.png]
[drinkwildwonder.com/cdn/shop/files/WW_logo_navy_d6daa7cf-3555-42a7-87a8-f4254829d466_200x8057.png]
[drinkwildwonder.com/cdn/shop/files/WW_logo_white_240x4485.png]
[drinkwildwonder.com/cdn/shop/files/WW_logo_white_200x4485.png]
[drinkwildwonder.com/cdn/shop/files/Learn_420xd15c.png]
[drinkwildwonder.com/cdn/shop/files/Our_Story_b3c86dce-ee60-45c4-a537-719faac62f30_420xcc5b.png]
[drinkwildwonder.com/cdn/shop/files/Social_Impact_a8107662-5dbd-4e4f-aaac-185687ac7945_420xcc5b.png]
[drinkwildwonder.com/search.html]
[drinkwildwonder.com/cart.html]
[drinkwildwonder.com/cdn/shop/t/58/assets/banner-banana-queen6e23.css]
[drinkwildwonder.com/cdn/shop/files/desktop0edc.jpg]
[drinkwildwonder.com/cdn/shop/files/mobile2190.jpg]
[drinkwildwonder.com/cdn/shop/files/desktop_1400x3802.jpg]
[drinkwildwonder.com/cdn/shop/files/Group_2_158_3x_e9f21d0a-5fd8-4393-a09a-133efbed7ac56409.png]
[drinkwildwonder.com/cdn/shop/files/Artwork_30_100xd1ef.png]
[drinkwildwonder.com/cdn/shop/files/Component_1_1_468d54f2-2b04-4479-89e7-25b9f6c9b700_100xd1ef.png]
[drinkwildwonder.com/cdn/shop/files/Component_2_1_100x57f9.png]
[drinkwildwonder.com/cdn/shop/files/Artwork_23_100xd1ef.png]
[drinkwildwonder.com/cdn/shop/files/Component_3_1_100xd1ef.png]
[drinkwildwonder.com/cdn/shop/files/Guava-Rose-Pour-2_{width}x5da7.gif]
[drinkwildwonder.com/cdn/shop/files/Group_2386_1920xc6b4.png]
[drinkwildwonder.com/cdn/shop/files/Component-1-_-1_df82cfec-c240-4940-a55d-7fb2606d0cf1_600x8436.png]
[drinkwildwonder.com/cdn/shop/files/As_seen_on_Shark_Tankad88.png]
[drinkwildwonder.com/cdn/shop/files/MIKE_{width}x3fa0.png]
[drinkwildwonder.com/cdn/shop/files/MIKE_400x3fa0.png]
[drinkwildwonder.com/cdn/shop/files/Sara_Photo_{width}x1891.png]
[drinkwildwonder.com/cdn/shop/files/Sara_Photo_400x1891.png]
[drinkwildwonder.com/cdn/shop/files/Kelly_Photo_{width}x73ad.png]
[drinkwildwonder.com/cdn/shop/files/Kelly_Photo_400x73ad.png]
[drinkwildwonder.com/cdn/shop/files/Lexi_Photo_{width}xe74b.png]
[drinkwildwonder.com/cdn/shop/files/Lexi_Photo_400xe74b.png]
[drinkwildwonder.com/products/banana-queen.html]
[drinkwildwonder.com/cdn/shop/files/Banana_1_420x9d67.png]
[drinkwildwonder.com/cdn/shop/files/Banana_3_420x865d.png]
[drinkwildwonder.com/cdn/shop/files/Raspberry_4_420xe6bb.png]
[drinkwildwonder.com/cdn/shop/files/Strawberry_4_420xbb86.png]
[drinkwildwonder.com/cdn/shop/files/Guava_1_420x3078.png]
[drinkwildwonder.com/cdn/shop/files/Guava_4_420x2722.png]
[drinkwildwonder.com/cdn/shop/files/Pineapple_4_green_420x380e.png]
[drinkwildwonder.com/cdn/shop/files/Mango_1_420x67f2.png]
[drinkwildwonder.com/cdn/shop/files/Mango_4_420xc679.png]
[drinkwildwonder.com/cdn/shop/files/Peach_1_420x16c7.png]
[drinkwildwonder.com/cdn/shop/files/Peach_3_420x3677.png]
[drinkwildwonder.com/cdn/shop/files/Variety_Pack_-_6_Flavors_12_Cans_2_600xfc4e.png]
[drinkwildwonder.com/pages/subscribe.html]
[drinkwildwonder.com/cdn/shop/files/Group-2386_08b5f464-25dc-4a47-9056-be2558c045db_1920xbf00.png]
[drinkwildwonder.com/cdn/shop/files/1_b3dfcff0-f5df-484c-9ef0-5f75cec7fc89_{width}x6ba8.png]
[drinkwildwonder.com/cdn/shop/files/2_{width}x6ba8.png]
[drinkwildwonder.com/cdn/shop/files/3_aef74250-8bea-419d-8a9b-5395f8b25b04_{width}x6ba8.png]
[drinkwildwonder.com/pages/shipping-return-policy.html]
[drinkwildwonder.com/pages/privacy-policy.html]
[drinkwildwonder.com/pages/terms-of-service.html]
[drinkwildwonder.com/pages/accessibility-statement.html]
[drinkwildwonder.com/cdn/shop/files/crop_WW-Logo-WHITE_x40@2x881f.png]
[static.klaviyo.com/onsite/js/klaviyocdb3.js]
[pixel.quantserve.com/pixel/p-UGMNUy7vT91hS.gif]
[acsbapp.com/apps/app/dist/js/app.js]
[drinkwildwonder.com/index.html]
[drinkwildwonder.com/cdn/shop/t/58/assets/component-purchase-options3d68.js]
[drinkwildwonder.com/cdn/shop/t/58/assets/theme95ae.css]
[drinkwildwonder.com/cdn/shop/t/58/assets/ico-select.svg]
[drinkwildwonder.com/cdn/shop/files/Side-Bar-Button-04421b.png]
[drinkwildwonder.com/cdn/shop/files/Component_2_3_482f330d-b8ad-43cb-8249-daa9013653c789a9.png]
[drinkwildwonder.com/cdn/shop/files/Component_1_2_382dc07a-7abc-4cb6-be41-7638937a7baca374.png]
[drinkwildwonder.com/cdn/shop/files/Component-3-_29f92.png]
[drinkwildwonder.com/cdn/shop/files/Component-49f92.png]
[drinkwildwonder.com/cdn/shop/t/58/assets/custome73d.css]
[shop.app/checkouts/internal/preloadsf640.js]
[drinkwildwonder.com/modules/v2/chunk.common_9bWy_6S0.esm.js]
[drinkwildwonder.com/modules/v2/client.shop-login-button_DwzQxKIp.en.esm.js]
[drinkwildwonder.com/cdn/shop/t/58/assets/country-flags-40.png]
[drinkwildwonder.com/cdn/shop/t/58/assets/country-flags.css]
[s3.amazonaws.com/me.judge.public-static-assets/general/video-placeholder-640x480.jpg]
[cdn.judge.me/shopify_v2.css]
[drinkwildwonder.com/GET.html]
[drinkwildwonder.com/POST.html]
[drinkwildwonder.com/cdn.html]
[drinkwildwonder.com/collections/all.atom]
[drinkwildwonder.com/collections/all.oembed]
[drinkwildwonder.com/collections/modules/v2/chunk.common_9bWy_6S0.esm.js]
[drinkwildwonder.com/collections/modules/v2/client.shop-login-button_DwzQxKIp.en.esm.js]
[drinkwildwonder.com/collections/GET]
[drinkwildwonder.com/collections/POST]
[drinkwildwonder.com/cdn/shop/files/Shop_All_Page_300x5303.png]
[drinkwildwonder.com/cdn/shop/files/Shop_Mobile_300xda34.png]
[drinkwildwonder.com/cdn/shop/files/Shop_Mobile_{width}xda34.png]
[drinkwildwonder.com/cdn/shop/files/Shop_All_Page_1400x5303.png]
[drinkwildwonder.com/cdn/shop/files/Variety_Pack_-_Shark_Tank_2_x360d830.png]
[drinkwildwonder.com/cdn/shop/files/Variety_Pack_-_6_Flavors_12_Cans___3_x3600aeb.png]
[drinkwildwonder.com/cdn/shop/files/Variety_Pack_-_Shark_Tank_2_x350d830.png]
[drinkwildwonder.com/cdn/shop/files/Variety_Pack_-_6_Flavors_12_Cans_2_x360fc4e.png]
[drinkwildwonder.com/cdn/shop/files/Variety_Pack_-_6_Flavors_12_Cans_2_x350fc4e.png]
[drinkwildwonder.com/cdn/shop/files/VarietyPack-BotanicalBundle_x3600907.png]
[drinkwildwonder.com/cdn/shop/files/BotanicalBouquet2_x360fd81.png]
[drinkwildwonder.com/cdn/shop/files/VarietyPack-BotanicalBundle_x3500907.png]
[drinkwildwonder.com/cdn/shop/files/Raspberry_1_x3602fc3.png]
[drinkwildwonder.com/cdn/shop/files/Raspberry_4_x360e6bb.png]
[drinkwildwonder.com/cdn/shop/files/Raspberry_1_x3502fc3.png]
[drinkwildwonder.com/cdn/shop/files/Strawberry_1_x36022f6.png]
[drinkwildwonder.com/cdn/shop/files/Strawberry_4_x360bb86.png]
[drinkwildwonder.com/cdn/shop/files/Strawberry_1_x35022f6.png]
[drinkwildwonder.com/cdn/shop/files/Peach_1_x36016c7.png]
[drinkwildwonder.com/cdn/shop/files/Peach_3_x3603677.png]
[drinkwildwonder.com/cdn/shop/files/Peach_1_x35016c7.png]
[drinkwildwonder.com/cdn/shop/files/Guava_1_x3603078.png]
[drinkwildwonder.com/cdn/shop/files/Guava_4_x3602722.png]
[drinkwildwonder.com/cdn/shop/files/Guava_1_x3503078.png]
[drinkwildwonder.com/cdn/shop/files/Pineapple_1_green_x360d1b0.png]
[drinkwildwonder.com/cdn/shop/files/Pineapple_4_green_x360380e.png]
[drinkwildwonder.com/cdn/shop/files/Pineapple_1_green_x350d1b0.png]
[drinkwildwonder.com/cdn/shop/files/Mango_1_x36067f2.png]
[drinkwildwonder.com/cdn/shop/files/Mango_4_x360c679.png]
[drinkwildwonder.com/cdn/shop/files/Mango_1_x35067f2.png]
[drinkwildwonder.com/cdn/shop/files/Banana_1_x3609d67.png]
[drinkwildwonder.com/cdn/shop/files/Banana_5_x360019c.png]
[drinkwildwonder.com/cdn/shop/files/Banana_1_x3509d67.png]
[drinkwildwonder.com/cdn/shop/files/Group-2386_1920x_a2497fe7-b657-4ac5-9a5d-3bcbad0d8307_1920xbf9f.png]
[drinkwildwonder.com/collections/all.html]
[drinkwildwonder.com/cdn/shop/files/Variety_Pack_-_Shark_Tank_2d830.png]
[drinkwildwonder.com/products/shark-tank-bundle.oembed]
[drinkwildwonder.com/products/modules/v2/chunk.common_9bWy_6S0.esm.js]
[drinkwildwonder.com/products/modules/v2/client.shop-login-button_DwzQxKIp.en.esm.js]
[drinkwildwonder.com/products/GET]
[cdn.shopify.com/extensions/20507436-e061-4929-ade2-c9a064acdbe1/rebuy-personalization-engine-72/assets/rebuy-extensions.js]
[drinkwildwonder.com/products/POST]
[drinkwildwonder.com/cdn/shop/files/Variety_Pack_-_Shark_Tank_2_1800x1800d830.png]
[drinkwildwonder.com/cdn/shop/files/Variety_Pack_-_Shark_Tank_2_{width}xd830.png]
[drinkwildwonder.com/cdn/shop/files/Variety_Pack_-_Shark_Tank_2_1400xd830.png]
[drinkwildwonder.com/cdn/shop/products/RosaLiSharkTank_1800x18002a13.png]
[drinkwildwonder.com/cdn/shop/products/RosaLiSharkTank_{width}x2a13.png]
[drinkwildwonder.com/cdn/shop/products/RosaLiSharkTank_1400x2a13.png]
[drinkwildwonder.com/cdn/shop/files/Variety_Pack_-_6_Flavors_12_Cans___3_1800x18000aeb.png]
[drinkwildwonder.com/cdn/shop/files/Variety_Pack_-_6_Flavors_12_Cans___3_{width}x0aeb.png]
[drinkwildwonder.com/cdn/shop/files/Variety_Pack_-_6_Flavors_12_Cans___3_1400x0aeb.png]
[drinkwildwonder.com/cdn/shop/files/Variety_Pack_-_Shark_Tank_2_400xd830.png]
[drinkwildwonder.com/cdn/shop/products/RosaLiSharkTank_400x2a13.png]
[drinkwildwonder.com/cdn/shop/files/Variety_Pack_-_6_Flavors_12_Cans___3_400x0aeb.png]
[drinkwildwonder.com/cdn/shop/files/bananapostf411.png]
[drinkwildwonder.com/cdn/shop/files/Raspberry_Lychee_Can_a370b567-d14c-46b6-8def-d21770c21a88abd4.png]
[drinkwildwonder.com/cdn/shop/files/Strawberry_Passion_Canb196.png]
[drinkwildwonder.com/cdn/shop/files/Guava_Rose_Can_45621980-3771-4314-b45f-d7fedce565687164.png]
[drinkwildwonder.com/cdn/shop/files/Pineapple_Paradise_Front_07162479ef.png]
[drinkwildwonder.com/cdn/shop/files/mango_Gold_no_shadow_3__RB0959.png]
[drinkwildwonder.com/cdn/shop/files/Peach_Ginger_Can_18d3f461-fe70-458b-9cc5-7612e51689d76d38.png]
[drinkwildwonder.com/cdn/shop/files/SharkTankBundle_new_c8248e2b-c8af-4b7b-85ad-fa667eca2d6d00cc.png]
[drinkwildwonder.com/cdn/shop/files/Variety_6Flavors_33e83619-48e5-4376-bef2-df7bf390a8065f34.png]
[drinkwildwonder.com/cdn/shop/files/Botanicalbce9.png]
[cdn.shopify.com/s/files/1/0264/8952/0171/files/Vector_Smart_Object_13b01.png]
[drinkwildwonder.com/cdn/shop/files/Group_658c93.png]
[drinkwildwonder.com/cdn/shop/files/probiotics_40314dfe-7c55-4822-a254-6e4b5f3ee88be66f.png]
[drinkwildwonder.com/cdn/shop/files/Fiberfb9c.png]
[drinkwildwonder.com/cdn/shop/files/Sugar_5e41475b-e41d-4002-857b-dcf3fd24a07de66f.png]
[drinkwildwonder.com/cdn/shop/files/gmoe66f.png]
[drinkwildwonder.com/cdn/shop/files/vegan_f7f171f8-a325-41c8-9792-4864061ac27ce66f.png]
[drinkwildwonder.com/cdn/shop/t/58/assets/component-tabsaaad.js]
[drinkwildwonder.com/cdn/shop/t/58/assets/section-nymphia80cc.css]
[drinkwildwonder.com/cdn/shop/t/58/assets/pink-curve-top6793.png]
[drinkwildwonder.com/cdn/shop/files/Layer_1_0941fff8-caad-4e2e-a3d6-ff870ce701da6a56.png]
[drinkwildwonder.com/cdn/shop/files/2024-06-17-TannerAbel_WildwonderxNymphiaWind_5984-RETOUCH-1_1ec17.png]
[drinkwildwonder.com/cdn/shop/files/NymphiaFeature_Mobile_17af5.png]
[drinkwildwonder.com/cdn/shop/t/58/assets/light-blue-curve-bottome141.png]
[drinkwildwonder.com/cdn/shop/t/58/assets/compare-table4659.css]
[drinkwildwonder.com/cdn/shop/files/SharkTankBundle_new_c8248e2b-c8af-4b7b-85ad-fa667eca2d6d60c5.png]
[drinkwildwonder.com/cdn/shop/files/Vectored50.png]
[drinkwildwonder.com/cdn/shop/files/kombucha_13bc7.png]
[drinkwildwonder.com/cdn/shop/t/58/assets/section-multicolumn5d8b.css]
[drinkwildwonder.com/cdn/shop/files/Rectangle_1559fe9.png]
[drinkwildwonder.com/cdn/shop/files/d4f5c339c56dcee117a0d2e59adf6a6ddf57.jpg]
[drinkwildwonder.com/products/shark-tank-bundle.html]
[drinkwildwonder.com/cdn/shop/t/58/assets/section-multicolumn1510.js]
[drinkwildwonder.com/cdn/shop/files/Variety_Pack_-_6_Flavors_12_Cans_2fc4e.png]
[drinkwildwonder.com/products/variety-pack.oembed]
[drinkwildwonder.com/cdn/shop/files/Variety_Pack_-_6_Flavors_12_Cans_2_1800x1800fc4e.png]
[drinkwildwonder.com/cdn/shop/files/Variety_Pack_-_6_Flavors_12_Cans_2_{width}xfc4e.png]
[drinkwildwonder.com/cdn/shop/files/Variety_Pack_-_6_Flavors_12_Cans_2_1400xfc4e.png]
[drinkwildwonder.com/cdn/shop/files/Variety_Pack_-_6_Flavors_12_Cans___2_1800x18000aeb.png]
[drinkwildwonder.com/cdn/shop/files/Variety_Pack_-_6_Flavors_12_Cans___2_{width}x.1990aeb.delayed]
[drinkwildwonder.com/cdn/shop/files/Variety_Pack_-_6_Flavors_12_Cans___2_1400x0aeb.png]
[drinkwildwonder.com/cdn/shop/files/Variety_Pack_-_6_Flavors_12_Cans_2_400xfc4e.png]
[drinkwildwonder.com/cdn/shop/files/Variety_Pack_-_6_Flavors_12_Cans___2_400x0aeb.png]
[drinkwildwonder.com/cdn/shop/files/Variety_6Flavors_33e83619-48e5-4376-bef2-df7bf390a8061ea8.png]
[drinkwildwonder.com/products/variety-pack.html]
[drinkwildwonder.com/cdn/shop/files/VarietyPack-BotanicalBundle0907.png]
[drinkwildwonder.com/products/botanical-bouquet.oembed]
[drinkwildwonder.com/cdn/shop/files/VarietyPack-BotanicalBundle_1800x18000907.png]
[drinkwildwonder.com/cdn/shop/files/VarietyPack-BotanicalBundle_{width}x0907.png]
[drinkwildwonder.com/cdn/shop/files/VarietyPack-BotanicalBundle_1400x0907.png]
[drinkwildwonder.com/cdn/shop/files/preview_images/97d3672fe45743c68e9f78d626717e11.thumbnail.0000000000_1800x18008247.jpg]
[drinkwildwonder.com/cdn/shop/files/preview_images/97d3672fe45743c68e9f78d626717e11.thumbnail.0000000000_{width}x8247.jpg]
[drinkwildwonder.com/cdn/shop/files/preview_images/97d3672fe45743c68e9f78d626717e11.thumbnail.0000000000_1400x8247.jpg]
[drinkwildwonder.com/cdn/shop/files/preview_images/97d3672fe45743c68e9f78d626717e11.thumbnail.0000000000_620x8247.jpg]
[drinkwildwonder.com/cdn/shop/videos/c/vp/97d3672fe45743c68e9f78d626717e11/97d3672fe45743c68e9f78d626717e11a4f0.m3u8]
[drinkwildwonder.com/cdn/shop/videos/c/vp/97d3672fe45743c68e9f78d626717e11/97d3672fe45743c68e9f78d626717e11.HD-720p-1.6Mbps-28372296a4f0.mp4]
[drinkwildwonder.com/cdn/shop/files/BotanicalBouquet2_1800x1800fd81.png]
[drinkwildwonder.com/cdn/shop/files/BotanicalBouquet2_{width}xfd81.png]
[drinkwildwonder.com/cdn/shop/files/BotanicalBouquet2_1400xfd81.png]
[drinkwildwonder.com/cdn/shop/files/VarietyPack-BotanicalBundle_400x0907.png]
[drinkwildwonder.com/cdn/shop/files/preview_images/97d3672fe45743c68e9f78d626717e11.thumbnail.0000000000_400x8247.jpg]
[drinkwildwonder.com/cdn/shop/files/BotanicalBouquet2_400xfd81.png]
[drinkwildwonder.com/cdn/shop/files/Botanical8237.png]
[drinkwildwonder.com/products/botanical-bouquet.html]
[drinkwildwonder.com/cdn/shop/files/Raspberry_12fc3.png]
[drinkwildwonder.com/products/raspberry-lychee.oembed]
[drinkwildwonder.com/cdn/shop/files/Raspberry_1_1800x18002fc3.png]
[drinkwildwonder.com/cdn/shop/files/Raspberry_1_{width}x2fc3.png]
[drinkwildwonder.com/cdn/shop/files/Raspberry_1_1400x2fc3.png]
[drinkwildwonder.com/cdn/shop/files/preview_images/5ed754bbe422444f80fb21b4747488c6.thumbnail.0000000000_1800x1800f270.jpg]
[drinkwildwonder.com/cdn/shop/files/preview_images/5ed754bbe422444f80fb21b4747488c6.thumbnail.0000000000_{width}xf270.jpg]
[drinkwildwonder.com/cdn/shop/files/preview_images/5ed754bbe422444f80fb21b4747488c6.thumbnail.0000000000_1400xf270.jpg]
[drinkwildwonder.com/cdn/shop/files/preview_images/5ed754bbe422444f80fb21b4747488c6.thumbnail.0000000000_620xf270.jpg]
[drinkwildwonder.com/cdn/shop/videos/c/vp/5ed754bbe422444f80fb21b4747488c6/5ed754bbe422444f80fb21b4747488c6a4f0.m3u8]
[drinkwildwonder.com/cdn/shop/videos/c/vp/5ed754bbe422444f80fb21b4747488c6/5ed754bbe422444f80fb21b4747488c6.HD-1080p-7.2Mbps-28370410a4f0.mp4]
[drinkwildwonder.com/cdn/shop/files/Raspberry_4_1800x1800e6bb.png]
[drinkwildwonder.com/cdn/shop/files/Raspberry_4_{width}x.1dde6bb.delayed]
[drinkwildwonder.com/cdn/shop/files/Raspberry_4_1400xe6bb.png]
[drinkwildwonder.com/cdn/shop/files/Raspberry_3_1800x1800e6bb.png]
[drinkwildwonder.com/cdn/shop/files/Raspberry_3_{width}xe6bb.png]
[drinkwildwonder.com/cdn/shop/files/Raspberry_3_1400xe6bb.png]
[drinkwildwonder.com/cdn/shop/files/Raspberry_1_400x2fc3.png]
[drinkwildwonder.com/cdn/shop/files/preview_images/5ed754bbe422444f80fb21b4747488c6.thumbnail.0000000000_400xf270.jpg]
[drinkwildwonder.com/cdn/shop/files/Raspberry_4_400xe6bb.png]
[drinkwildwonder.com/cdn/shop/files/Raspberry_3_400xe6bb.png]
[drinkwildwonder.com/cdn/shop/files/Raspberry_Lychee_Can_a370b567-d14c-46b6-8def-d21770c21a8800e0.png]
[drinkwildwonder.com/cdn/shop/files/Rectangle_174_61422c4b-0c9c-4e17-9b2b-bde095183b951812.png]
[drinkwildwonder.com/cdn/shop/files/922cb1750c394b0993a604419aef199f0498.jpg]
[drinkwildwonder.com/cdn/shop/files/cf27851125e39f8a167a84ce4dc697dbcdb6.jpg]
[drinkwildwonder.com/products/raspberry-lychee.html]
[drinkwildwonder.com/cdn/shop/files/Strawberry_122f6.png]
[drinkwildwonder.com/products/strawberry-passion.oembed]
[drinkwildwonder.com/cdn/shop/files/Strawberry_1_1800x180022f6.png]
[drinkwildwonder.com/cdn/shop/files/Strawberry_1_{width}x22f6.png]
[drinkwildwonder.com/cdn/shop/files/Strawberry_1_1400x22f6.png]
[drinkwildwonder.com/cdn/shop/files/preview_images/3d8f4ce90a5240dda41a92ef30db1dfc.thumbnail.0000000000_1800x180065d2.jpg]
[drinkwildwonder.com/cdn/shop/files/preview_images/3d8f4ce90a5240dda41a92ef30db1dfc.thumbnail.0000000000_{width}x65d2.jpg]
[drinkwildwonder.com/cdn/shop/files/preview_images/3d8f4ce90a5240dda41a92ef30db1dfc.thumbnail.0000000000_1400x65d2.jpg]
[drinkwildwonder.com/cdn/shop/files/preview_images/3d8f4ce90a5240dda41a92ef30db1dfc.thumbnail.0000000000_620x65d2.jpg]
[drinkwildwonder.com/cdn/shop/videos/c/vp/3d8f4ce90a5240dda41a92ef30db1dfc/3d8f4ce90a5240dda41a92ef30db1dfca4f0.m3u8]
[drinkwildwonder.com/cdn/shop/videos/c/vp/3d8f4ce90a5240dda41a92ef30db1dfc/3d8f4ce90a5240dda41a92ef30db1dfc.HD-1080p-7.2Mbps-28370471a4f0.mp4]
[drinkwildwonder.com/cdn/shop/files/Strawberry_4_1800x1800bb86.png]
[drinkwildwonder.com/cdn/shop/files/Strawberry_4_{width}x.20ebb86.delayed]
[drinkwildwonder.com/cdn/shop/files/Strawberry_4_1400xbb86.png]
[drinkwildwonder.com/cdn/shop/files/Strawberry_3_1800x1800bb86.png]
[drinkwildwonder.com/cdn/shop/files/Strawberry_3_{width}xbb86.png]
[drinkwildwonder.com/cdn/shop/files/Strawberry_3_1400xbb86.png]
[drinkwildwonder.com/cdn/shop/files/Strawberry_1_400x22f6.png]
[drinkwildwonder.com/cdn/shop/files/preview_images/3d8f4ce90a5240dda41a92ef30db1dfc.thumbnail.0000000000_400x65d2.jpg]
[drinkwildwonder.com/cdn/shop/files/Strawberry_4_400xbb86.png]
[drinkwildwonder.com/cdn/shop/files/Strawberry_3_400xbb86.png]
[drinkwildwonder.com/cdn/shop/files/Strawberry_Passion_Canc7eb.png]
[drinkwildwonder.com/cdn/shop/files/Rectangle_174e8fb.png]
[drinkwildwonder.com/cdn/shop/files/Rectangle_1756b56.png]
[drinkwildwonder.com/cdn/shop/files/Rectangle_176247a.png]
[drinkwildwonder.com/products/strawberry-passion.html]
[drinkwildwonder.com/cdn/shop/files/Pineapple_1_greend1b0.png]
[drinkwildwonder.com/products/pineapple-paradise.oembed]
[drinkwildwonder.com/cdn/shop/files/Pineapple_1_green_1800x1800d1b0.png]
[drinkwildwonder.com/cdn/shop/files/Pineapple_1_green_{width}xd1b0.png]
[drinkwildwonder.com/cdn/shop/files/Pineapple_1_green_1400xd1b0.png]
[drinkwildwonder.com/cdn/shop/files/preview_images/d16dc35b54a146c6ba1f03245a31b233.thumbnail.0000000000_1800x1800889c.jpg]
[drinkwildwonder.com/cdn/shop/files/preview_images/d16dc35b54a146c6ba1f03245a31b233.thumbnail.0000000000_{width}x889c.jpg]
[drinkwildwonder.com/cdn/shop/files/preview_images/d16dc35b54a146c6ba1f03245a31b233.thumbnail.0000000000_1400x889c.jpg]
[drinkwildwonder.com/cdn/shop/files/preview_images/d16dc35b54a146c6ba1f03245a31b233.thumbnail.0000000000_620x889c.jpg]
[drinkwildwonder.com/cdn/shop/videos/c/vp/d16dc35b54a146c6ba1f03245a31b233/d16dc35b54a146c6ba1f03245a31b233a4f0.m3u8]
[drinkwildwonder.com/cdn/shop/videos/c/vp/d16dc35b54a146c6ba1f03245a31b233/d16dc35b54a146c6ba1f03245a31b233.HD-1080p-7.2Mbps-32601565a4f0.mp4]
[drinkwildwonder.com/cdn/shop/files/Pineapple_4_green_1800x1800380e.png]
[drinkwildwonder.com/cdn/shop/files/Pineapple_4_green_{width}x.23f380e.delayed]
[drinkwildwonder.com/cdn/shop/files/Pineapple_4_green_1400x380e.png]
[drinkwildwonder.com/cdn/shop/files/Pineapple_3_green_1800x1800380e.png]
[drinkwildwonder.com/cdn/shop/files/Pineapple_3_green_{width}x380e.png]
[drinkwildwonder.com/cdn/shop/files/Pineapple_3_green_1400x380e.png]
[drinkwildwonder.com/cdn/shop/files/Pineapple_1_green_400xd1b0.png]
[drinkwildwonder.com/cdn/shop/files/preview_images/d16dc35b54a146c6ba1f03245a31b233.thumbnail.0000000000_400x889c.jpg]
[drinkwildwonder.com/cdn/shop/files/Pineapple_4_green_400x380e.png]
[drinkwildwonder.com/cdn/shop/files/Pineapple_3_green_400x380e.png]
[drinkwildwonder.com/cdn/shop/files/Pineapple_Paradise_Front_071624019f.png]
[drinkwildwonder.com/cdn/shop/files/Rectangle_174_9188b082-2965-444d-96e9-bd81316bed751012.png]
[drinkwildwonder.com/cdn/shop/files/2ed82d941cf72bcc9bac38f16be1ee7b672a.jpg]
[drinkwildwonder.com/cdn/shop/files/3d077ce17c0cf2fbc0393b690582f33f_3600f2ad-a864-43ad-a4ef-3fedac969e59f53b.jpg]
[drinkwildwonder.com/products/pineapple-paradise.html]
[drinkwildwonder.com/cdn/shop/files/Guava_13078.png]
[drinkwildwonder.com/products/guava-rose.oembed]
[drinkwildwonder.com/cdn/shop/files/Guava_1_1800x18003078.png]
[drinkwildwonder.com/cdn/shop/files/Guava_1_{width}x3078.png]
[drinkwildwonder.com/cdn/shop/files/Guava_1_1400x3078.png]
[drinkwildwonder.com/cdn/shop/files/preview_images/be43c89982c3478fa48e11c21426f179.thumbnail.0000000000_1800x18008a8b.jpg]
[drinkwildwonder.com/cdn/shop/files/preview_images/be43c89982c3478fa48e11c21426f179.thumbnail.0000000000_{width}x8a8b.jpg]
[drinkwildwonder.com/cdn/shop/files/preview_images/be43c89982c3478fa48e11c21426f179.thumbnail.0000000000_1400x8a8b.jpg]
[drinkwildwonder.com/cdn/shop/files/preview_images/be43c89982c3478fa48e11c21426f179.thumbnail.0000000000_620x8a8b.jpg]
[drinkwildwonder.com/cdn/shop/videos/c/vp/be43c89982c3478fa48e11c21426f179/be43c89982c3478fa48e11c21426f179a4f0.m3u8]
[drinkwildwonder.com/cdn/shop/videos/c/vp/be43c89982c3478fa48e11c21426f179/be43c89982c3478fa48e11c21426f179.HD-1080p-7.2Mbps-28370197a4f0.mp4]
[drinkwildwonder.com/cdn/shop/files/Guava_4_1800x18002722.png]
[drinkwildwonder.com/cdn/shop/files/Guava_4_{width}x.2702722.delayed]
[drinkwildwonder.com/cdn/shop/files/Guava_4_1400x2722.png]
[drinkwildwonder.com/cdn/shop/files/Guava_3_1800x1800cb79.png]
[drinkwildwonder.com/cdn/shop/files/Guava_3_{width}xcb79.png]
[drinkwildwonder.com/cdn/shop/files/Guava_3_1400xcb79.png]
[drinkwildwonder.com/cdn/shop/files/Guava_1_400x3078.png]
[drinkwildwonder.com/cdn/shop/files/preview_images/be43c89982c3478fa48e11c21426f179.thumbnail.0000000000_400x8a8b.jpg]
[drinkwildwonder.com/cdn/shop/files/Guava_4_400x2722.png]
[drinkwildwonder.com/cdn/shop/files/Guava_3_400xcb79.png]
[drinkwildwonder.com/cdn/shop/files/Guava_Rose_Can_45621980-3771-4314-b45f-d7fedce56568e05c.png]
[drinkwildwonder.com/cdn/shop/files/Rectangle_174_1fe50.png]
[drinkwildwonder.com/cdn/shop/files/Rectangle_175_1e4b269a-0301-441f-8a66-d2fb5991df38785d.png]
[drinkwildwonder.com/cdn/shop/files/Rectangle_176_d0dfede1-0f7f-4ba1-a523-f969de8986e96384.png]
[drinkwildwonder.com/products/guava-rose.html]
[drinkwildwonder.com/cdn/shop/files/Mango_167f2.png]
[drinkwildwonder.com/products/mango-gold.oembed]
[drinkwildwonder.com/cdn/shop/files/Mango_1_1800x180067f2.png]
[drinkwildwonder.com/cdn/shop/files/Mango_1_{width}x67f2.png]
[drinkwildwonder.com/cdn/shop/files/Mango_1_1400x67f2.png]
[drinkwildwonder.com/cdn/shop/files/preview_images/4fdabde8c6e04bf998ccaaab28a23de6.thumbnail.0000000000_1800x1800f5f3.jpg]
[drinkwildwonder.com/cdn/shop/files/preview_images/4fdabde8c6e04bf998ccaaab28a23de6.thumbnail.0000000000_{width}xf5f3.jpg]
[drinkwildwonder.com/cdn/shop/files/preview_images/4fdabde8c6e04bf998ccaaab28a23de6.thumbnail.0000000000_1400xf5f3.jpg]
[drinkwildwonder.com/cdn/shop/files/preview_images/4fdabde8c6e04bf998ccaaab28a23de6.thumbnail.0000000000_620xf5f3.jpg]
[drinkwildwonder.com/cdn/shop/videos/c/vp/4fdabde8c6e04bf998ccaaab28a23de6/4fdabde8c6e04bf998ccaaab28a23de6a4f0.m3u8]
[drinkwildwonder.com/cdn/shop/videos/c/vp/4fdabde8c6e04bf998ccaaab28a23de6/4fdabde8c6e04bf998ccaaab28a23de6.HD-1080p-7.2Mbps-28370286a4f0.mp4]
[drinkwildwonder.com/cdn/shop/files/Mango_4_1800x1800c679.png]
[drinkwildwonder.com/cdn/shop/files/Mango_4_{width}xc679.png]
[drinkwildwonder.com/cdn/shop/files/Mango_4_1400xc679.png]
[drinkwildwonder.com/cdn/shop/files/Mango_3_1800x1800c679.png]
[drinkwildwonder.com/cdn/shop/files/Mango_3_{width}xc679.png]
[drinkwildwonder.com/cdn/shop/files/Mango_3_1400xc679.png]
[drinkwildwonder.com/cdn/shop/files/Mango_1_400x67f2.png]
[drinkwildwonder.com/cdn/shop/files/preview_images/4fdabde8c6e04bf998ccaaab28a23de6.thumbnail.0000000000_400xf5f3.jpg]
[drinkwildwonder.com/cdn/shop/files/Mango_4_400xc679.png]
[drinkwildwonder.com/cdn/shop/files/Mango_3_400xc679.png]
[drinkwildwonder.com/cdn/shop/files/mango_Gold_no_shadow_3__RBa1d3.png]
[drinkwildwonder.com/cdn/shop/files/0c608c68eb7a2d73f37d733127fcb2a24f56.jpg]
[drinkwildwonder.com/cdn/shop/files/cced0dd3179fc2565f95fb82749d67d94f56.jpg]
[drinkwildwonder.com/products/mango-gold.html]
[drinkwildwonder.com/cdn/shop/files/Peach_116c7.png]
[drinkwildwonder.com/products/peach-ginger.oembed]
[drinkwildwonder.com/cdn/shop/files/Peach_1_1800x180016c7.png]
[drinkwildwonder.com/cdn/shop/files/Peach_1_{width}x16c7.png]
[drinkwildwonder.com/cdn/shop/files/Peach_1_1400x16c7.png]
[drinkwildwonder.com/cdn/shop/files/Peach_2_1800x18003677.png]
[drinkwildwonder.com/cdn/shop/files/Peach_2_{width}x3677.png]
[drinkwildwonder.com/cdn/shop/files/Peach_2_1400x3677.png]
[drinkwildwonder.com/cdn/shop/files/Peach_3_1800x18003677.png]
[drinkwildwonder.com/cdn/shop/files/Peach_3_{width}x3677.png]
[drinkwildwonder.com/cdn/shop/files/Peach_3_1400x3677.png]
[drinkwildwonder.com/cdn/shop/files/Peach_1_400x16c7.png]
[drinkwildwonder.com/cdn/shop/files/Peach_2_400x3677.png]
[drinkwildwonder.com/cdn/shop/files/Peach_3_400x3677.png]
[drinkwildwonder.com/cdn/shop/files/Peach_Ginger_Can_18d3f461-fe70-458b-9cc5-7612e51689d7ce26.png]
[drinkwildwonder.com/cdn/shop/files/7778483ad87de0fcb78f122797dadd88159d.jpg]
[drinkwildwonder.com/cdn/shop/files/d4be46ea9ca518afff5b4f4af4f819d2f42c.jpg]
[drinkwildwonder.com/cdn/shop/files/Rectangle_176_2d3a154a-4c0e-4103-8260-b73c93b6f48b2bbf.png]
[drinkwildwonder.com/products/peach-ginger.html]
[drinkwildwonder.com/cdn/shop/files/BYOB_16104.jpg]
[drinkwildwonder.com/products/build-your-own-bundle.oembed]
[drinkwildwonder.com/cdn/shop/t/58/assets/banner-evergreenec56.css]
[drinkwildwonder.com/cdn/shop/t/58/assets/banner-newflavour1b8f.css]
[drinkwildwonder.com/cdn/shop/files/Rectangle_2382b2c.png]
[drinkwildwonder.com/cdn/shop/files/Rectangle_238_4055ac28-a090-445e-b321-261508b19f9cbb96.png]
[drinkwildwonder.com/cdn/shop/t/58/assets/section-product-main-bundledc72.css]
[drinkwildwonder.com/cdn/shop/files/bundle_raspberry96a8.png]
[drinkwildwonder.com/cdn/shop/files/bundle_strawberry96a8.png]
[drinkwildwonder.com/cdn/shop/files/bundle_guava29d0.png]
[drinkwildwonder.com/cdn/shop/files/bundle_peach96a8.png]
[drinkwildwonder.com/cdn/shop/files/bundle_pineapple_14d06.png]
[drinkwildwonder.com/cdn/shop/files/bundle_mango96a8.png]
[drinkwildwonder.com/cdn/shop/files/sticker_92b173d9-798e-4479-b6b4-82001a346305b5fc.png]
[drinkwildwonder.com/cdn/shop/files/sticker_92b173d9-798e-4479-b6b4-82001a346305519b.png]
[drinkwildwonder.com/cdn/shop/files/bundle_empty6088.png]
[drinkwildwonder.com/cdn/shop/t/58/assets/add-to-cart-bg4352.png]
[drinkwildwonder.com/cdn/shop/t/58/assets/section-product-main-bundle464f.js]
[drinkwildwonder.com/cdn/shop/t/58/assets/section-value-propsacbe.css]
[drinkwildwonder.com/cdn/shop/files/Layer_1_766ae089-3613-4251-afe4-dff13c672bc1b1b1.png]
[drinkwildwonder.com/cdn/shop/files/Layer_1_13ebb.png]
[drinkwildwonder.com/cdn/shop/files/Layer_1_23ebb.png]
[drinkwildwonder.com/products/build-your-own-bundle.html]
[drinkwildwonder.com/pages/modules/v2/chunk.common_9bWy_6S0.esm.js]
[drinkwildwonder.com/pages/modules/v2/client.shop-login-button_DwzQxKIp.en.esm.js]
[drinkwildwonder.com/pages/GET]
[drinkwildwonder.com/pages/POST]
[drinkwildwonder.com/cdn/shop/t/58/assets/banner-learnmore51ff.css]
[drinkwildwonder.com/cdn/shop/files/6_StrawberryPassion_Mocktail_1920x1080_4_2abaf.png]
[drinkwildwonder.com/cdn/shop/files/Component_1_1_1c677723-1fe7-483a-9b81-ba66e89b82dea2d2.png]
[drinkwildwonder.com/cdn/shop/files/SelfCareStartsWithYourGut-1_1800x17e9.png]
[drinkwildwonder.com/cdn/shop/t/58/assets/image_with_description302e.css]
[drinkwildwonder.com/cdn/shop/files/Component_2_f40f0d21-8a2f-42e3-8820-684bbc282d66_1920xa874.png]
[drinkwildwonder.com/cdn/shop/files/Rectangle_762840.png]
[drinkwildwonder.com/cdn/shop/files/Component-1-_2_54b11c13-9c1b-4faa-99af-409c5477aaa5_1920x60f2.png]
[drinkwildwonder.com/cdn/shop/t/58/assets/learn-more-image-with-textbebb.css]
[drinkwildwonder.com/cdn/shop/files/micro-macro-V1-02-2-_2__new_{width}xe28e.png]
[drinkwildwonder.com/cdn/shop/files/image-_1_-2-_1__new_new_{width}xa7b1.png]
[drinkwildwonder.com/cdn/shop/files/micro-macro-V1-04-1_{width}xafff.png]
[drinkwildwonder.com/cdn/shop/files/HappyGutHappyLife-Horiz-1_new_1024xfad1.png]
[drinkwildwonder.com/cdn/shop/files/HappyGutHappyLife-Vert-1_1024xacdb.png]
[drinkwildwonder.com/cdn/shop/files/Component-3_new_1920x385a.png]
[drinkwildwonder.com/cdn/shop/files/Component-3-_1_f43487be-c1a7-4bfa-9526-4efd1c404c4b_1920xf4b3.png]
[drinkwildwonder.com/pages/learn.html]
[drinkwildwonder.com/blogs/gut-wellness.atom]
[drinkwildwonder.com/blogs/modules/v2/chunk.common_9bWy_6S0.esm.js]
[drinkwildwonder.com/blogs/modules/v2/client.shop-login-button_DwzQxKIp.en.esm.js]
[drinkwildwonder.com/blogs/GET]
[drinkwildwonder.com/blogs/POST]
[drinkwildwonder.com/cdn/shop/t/58/assets/blog-main-bannera38e.css]
[drinkwildwonder.com/cdn/shop/files/Vector-8-new4364.png]
[drinkwildwonder.com/cdn/shop/files/Vector-6-new1d8f.png]
[drinkwildwonder.com/cdn/shop/t/58/assets/blog-main202c.css]
[drinkwildwonder.com/cdn/shop/files/Component-92d59.png]
[drinkwildwonder.com/blogs/mixology.html]
[drinkwildwonder.com/blogs/gut-wellness/monk-fruit-vs-stevia-which-is-better.html]
[drinkwildwonder.com/cdn/shop/articles/Scale_Final_400x72fe.jpg]
[drinkwildwonder.com/blogs/gut-wellness/soda-vs-beer.html]
[drinkwildwonder.com/cdn/shop/articles/SodaBeer_Final_400xa9e1.jpg]
[drinkwildwonder.com/blogs/gut-wellness/unveiling-the-synergy-of-chicory-root-and-jerusalem-artichoke-in-wildwonder.html]
[drinkwildwonder.com/cdn/shop/articles/WhatisPrebioticFiber_400x2351.png]
[drinkwildwonder.com/blogs/gut-wellness/can-probiotics-help-with-ibs.html]
[drinkwildwonder.com/cdn/shop/articles/Can_probiotics_help_with_IBS_400x8ad2.png]
[drinkwildwonder.com/blogs/gut-wellness/the-gut-boosting-health-benefits-of-chicory-root-fiber.html]
[drinkwildwonder.com/cdn/shop/articles/gutboosting_benefits_of_chicory_root_400xf13f.png]
[drinkwildwonder.com/blogs/gut-wellness/12-of-the-best-probiotic-drinks-for-gut-health.html]
[drinkwildwonder.com/cdn/shop/articles/12_of_the_best_probiotic_drinks_400xeda1.png]
[drinkwildwonder.com/blogs/gut-wellness/prebiotic-soda-what-is-it-and-is-it-actually-good-for-you.html]
[drinkwildwonder.com/cdn/shop/articles/prebiotic_soda_-_what_is_it_400xef83.png]
[drinkwildwonder.com/blogs/gut-wellness/probiotic-strains-what-works-best-for-gut-health.html]
[drinkwildwonder.com/cdn/shop/articles/probiotic_strains_400x8194.png]
[drinkwildwonder.com/blogs/gut-wellness/top-immune-boosting-foods-to-shield-your-health.html]
[drinkwildwonder.com/cdn/shop/articles/Top_immune_boosting_foods_400x627c.png]
[drinkwildwonder.com/blogs/gut-wellness/big-flavor-bigger-benefits.html]
[drinkwildwonder.com/cdn/shop/articles/raspberry_lychee_400xe2cf.png]
[drinkwildwonder.com/blogs/gut-wellness/the-importance-of-qi.html]
[drinkwildwonder.com/cdn/shop/articles/importance_of_QI_400x76af.png]
[drinkwildwonder.com/blogs/gut-wellness/wildwonder-vs-diet-soda.html]
[drinkwildwonder.com/cdn/shop/articles/wildwonder_vs_diet_soda_400x0532.png]
[drinkwildwonder.com/blogs/gut-wellness/happy-gut-happy-mind-exploring-the-surprising-link-between-digestive-health-and-mental-well-being.html]
[drinkwildwonder.com/cdn/shop/articles/mental_health_and_gut_health_link_400xfc94.png]
[drinkwildwonder.com/blogs/gut-wellness/holistic-gut-health.html]
[drinkwildwonder.com/cdn/shop/articles/Holistic_gut_health_400x4c2e.png]
[drinkwildwonder.com/blogs/gut-wellness.html]
[drinkwildwonder.com/cdn/shop/t/58/assets/our-story-main-banner2373.css]
[drinkwildwonder.com/cdn/shop/files/3_Guava_1x1-_1_-2_1920x050c.png]
[drinkwildwonder.com/cdn/shop/files/3_Guava_1x1_1_3_1024x4e83.png]
[drinkwildwonder.com/cdn/shop/files/WhereWorldsCollide_2_1024xcbda.png]
[drinkwildwonder.com/cdn/shop/t/58/assets/story-our-founder7119.css]
[drinkwildwonder.com/cdn/shop/files/Rectangle-95_1920xef43.png]
[drinkwildwonder.com/cdn/shop/files/Untitled-1_6_550x06aa.png]
[drinkwildwonder.com/cdn/shop/files/Component_1_4_{width}xe371.png]
[drinkwildwonder.com/cdn/shop/t/58/assets/story-image-with-textc0a8.css]
[drinkwildwonder.com/cdn/shop/files/Rectangle-72_1920x058a.png]
[drinkwildwonder.com/cdn/shop/files/Component_1_3_7ca13fa3-4249-40c8-9c0e-98680acbe61b_{width}xd89a.png]
[drinkwildwonder.com/cdn/shop/t/58/assets/story-side-by-side-image-w-text6994.css]
[drinkwildwonder.com/cdn/shop/files/Copy-of-ASR08424-_1_-1_1920x5f8f.png]
[drinkwildwonder.com/cdn/shop/files/Copy-of-ASR08424-_1_-1_1024x5f8f.png]
[drinkwildwonder.com/pages/about.html]
[drinkwildwonder.com/cdn/shop/files/ASR08343_{width}x170f.png]
[drinkwildwonder.com/cdn/shop/files/Component_1_1_ee70931e-05a1-428b-94e7-42c979ac920f_{width}x01d5.png]
[drinkwildwonder.com/cdn/shop/files/Component_2_1_f7c4b584-e053-4924-81c7-70cd704b471e_{width}x9712.png]
[drinkwildwonder.com/cdn/shop/files/Component_3_1_97534d3a-b69a-47eb-9601-02292452e69a_{width}x399c.png]
[drinkwildwonder.com/cdn/shop/files/Component_4_1_{width}xb875.png]
[drinkwildwonder.com/cdn/shop/files/Component_5_1_22af0eb5-bbb8-47e8-a674-07ed67d99f77_{width}xba85.png]
[drinkwildwonder.com/cdn/shop/files/Component_6_1_085eeb88-d551-4a48-b463-26e7198c124e_{width}x04a4.png]
[drinkwildwonder.com/pages/impact.html]
[lets.shop/productFirstSnippet6326.js]
[drinkwildwonder.com/pages/store-locator.html]
[drinkwildwonder.com/account/login.html]
[drinkwildwonder.com/cdn/shopifycloud/shop-js/modules/v2/client.init-customer-accounts_Bkt0KjOL.en.esm.js]
[drinkwildwonder.com/cdn/shopifycloud/shop-js/modules/v2/client.shop-login-button_DwzQxKIp.en.esm.js]
[drinkwildwonder.com/cdn/shopifycloud/shop-js/modules/v2/chunk.common_9bWy_6S0.esm.js]
[drinkwildwonder.com/cdn/shopifycloud/shop-js/modules/v2/chunk.modal_ByBoMpEK.esm.js]
[drinkwildwonder.com/cdn/shopifycloud/shop-js/modules/v2/client.init-customer-accounts-sign-up_BDc0Ob8i.en.esm.js]
[drinkwildwonder.com/account/modules/v2/chunk.common_9bWy_6S0.esm.js]
[drinkwildwonder.com/account/modules/v2/client.shop-login-button_DwzQxKIp.en.esm.js]
[drinkwildwonder.com/cdn/shopifycloud/shopify/assets/themes_support/shopify_common-33bb9d312118840468a53f36b59c62c1e8f2b7d1a0a77250db9e300441827470.js]
[drinkwildwonder.com/account/GET]
[drinkwildwonder.com/account/POST]
[drinkwildwonder.com/apps/customers/portal.html]
[drinkwildwonder.com/account/login4236.html]
[drinkwildwonder.com/account/register.html]
[drinkwildwonder.com/collections/variety-packs.atom]
[drinkwildwonder.com/collections/variety-packs.oembed]
[drinkwildwonder.com/collections/variety-packs.html]
[drinkwildwonder.com/collections/individual-flavors.atom]
[drinkwildwonder.com/collections/individual-flavors.oembed]
[drinkwildwonder.com/collections/individual-flavors.html]
[drinkwildwonder.com/collections/gifts.atom]
[drinkwildwonder.com/collections/gifts.oembed]
[drinkwildwonder.com/collections/gifts.html]
[drinkwildwonder.com/search.html]
[drinkwildwonder.com/cart.html]
[drinkwildwonder.com/cdn/shop/t/58/assets/banner-banana-queen6e23.css]
[drinkwildwonder.com/cdn/shop/files/Guava-Rose-Pour-2_{width}x5da7.html]
[drinkwildwonder.com/cdn/shop/files/MIKE_{width}x3fa0.html]
[drinkwildwonder.com/cdn/shop/files/Sara_Photo_{width}x1891.html]
[drinkwildwonder.com/cdn/shop/files/Kelly_Photo_{width}x73ad.html]
[drinkwildwonder.com/cdn/shop/files/Lexi_Photo_{width}xe74b.html]
[drinkwildwonder.com/cdn/shop/files/Banana_19d67.png]
[drinkwildwonder.com/products/banana-queen.oembed]
[drinkwildwonder.com/cdn/shop/files/Banana_1_1800x18009d67.png]
[drinkwildwonder.com/cdn/shop/files/Banana_1_{width}x9d67.png]
[drinkwildwonder.com/cdn/shop/files/Banana_1_1400x9d67.png]
[drinkwildwonder.com/cdn/shop/files/preview_images/7e29201ed81643a39b02bb272d01d24c.thumbnail.0000000000_1800x18007501.jpg]
[drinkwildwonder.com/cdn/shop/files/preview_images/7e29201ed81643a39b02bb272d01d24c.thumbnail.0000000000_{width}x7501.jpg]
[drinkwildwonder.com/cdn/shop/files/preview_images/7e29201ed81643a39b02bb272d01d24c.thumbnail.0000000000_1400x7501.jpg]
[drinkwildwonder.com/cdn/shop/files/preview_images/7e29201ed81643a39b02bb272d01d24c.thumbnail.0000000000_620x7501.jpg]
[drinkwildwonder.com/cdn/shop/videos/c/vp/7e29201ed81643a39b02bb272d01d24c/7e29201ed81643a39b02bb272d01d24ca4f0.m3u8]
[drinkwildwonder.com/cdn/shop/videos/c/vp/7e29201ed81643a39b02bb272d01d24c/7e29201ed81643a39b02bb272d01d24c.HD-1080p-7.2Mbps-32033031a4f0.mp4]
[drinkwildwonder.com/cdn/shop/files/Banana_5_1800x1800019c.png]
[drinkwildwonder.com/cdn/shop/files/Banana_5_{width}x019c.png]
[drinkwildwonder.com/cdn/shop/files/Banana_5_1400x019c.png]
[drinkwildwonder.com/cdn/shop/files/Banana_3_1800x1800865d.png]
[drinkwildwonder.com/cdn/shop/files/Banana_3_{width}x.3c6865d.delayed]
[drinkwildwonder.com/cdn/shop/files/Banana_3_1400x865d.png]
[drinkwildwonder.com/cdn/shop/files/Banana_6_1800x1800ad56.png]
[drinkwildwonder.com/cdn/shop/files/Banana_6_{width}xad56.png]
[drinkwildwonder.com/cdn/shop/files/Banana_6_1400xad56.png]
[drinkwildwonder.com/cdn/shop/files/Banana_7_1800x18002343.png]
[drinkwildwonder.com/cdn/shop/files/Banana_7_{width}x.3d22343.delayed]
[drinkwildwonder.com/cdn/shop/files/Banana_7_1400x2343.png]
[drinkwildwonder.com/cdn/shop/files/Banana_1_400x9d67.png]
[drinkwildwonder.com/cdn/shop/files/preview_images/7e29201ed81643a39b02bb272d01d24c.thumbnail.0000000000_400x7501.jpg]
[drinkwildwonder.com/cdn/shop/files/Banana_5_400x019c.png]
[drinkwildwonder.com/cdn/shop/files/Banana_3_400x865d.png]
[drinkwildwonder.com/cdn/shop/files/Banana_6_400xad56.png]
[drinkwildwonder.com/cdn/shop/files/Banana_7_400x2343.png]
[drinkwildwonder.com/cdn/shop/files/Asset_4_3x_18382.png]
[drinkwildwonder.com/cdn/shop/files/bananapost5b5f.png]
[drinkwildwonder.com/cdn/shop/files/banana1452.jpg]
[drinkwildwonder.com/cdn/shop/files/marigolds0713.png]
[drinkwildwonder.com/cdn/shop/files/vanilla6265.jpg]
[drinkwildwonder.com/products/banana-queen.html]
[drinkwildwonder.com/cdn/shop/files/SubscribeSavex2_300xb8ba.png]
[drinkwildwonder.com/cdn/shop/files/Subscribe_Mobile_300xeeb7.png]
[drinkwildwonder.com/cdn/shop/files/Subscribe_Mobile_{width}xeeb7.png]
[drinkwildwonder.com/cdn/shop/files/SubscribeSavex2_1400xb8ba.png]
[drinkwildwonder.com/cdn/shop/files/subscribe_page_wavy_img_1920x17e5.png]
[drinkwildwonder.com/cdn/shop/files/PineappleParadise_800x8e02.png]
[drinkwildwonder.com/cdn/shop/files/John_3b828203-8625-456e-b68f-743b51d7bc25_{width}x1485.png]
[drinkwildwonder.com/cdn/shop/files/John_3b828203-8625-456e-b68f-743b51d7bc25_400x1485.png]
[drinkwildwonder.com/cdn/shop/files/Sarah_640b1021-4db7-4838-be81-d436c1246362_{width}x1485.png]
[drinkwildwonder.com/cdn/shop/files/Sarah_640b1021-4db7-4838-be81-d436c1246362_400x1485.png]
[drinkwildwonder.com/cdn/shop/files/Kelly_e660dc34-d557-4963-8f52-eae79ed1d66d_{width}x1485.png]
[drinkwildwonder.com/cdn/shop/files/Kelly_e660dc34-d557-4963-8f52-eae79ed1d66d_400x1485.png]
[drinkwildwonder.com/cdn/shop/files/Lexi_3616e747-331f-4296-8f80-11a458e255d9_{width}x1485.png]
[drinkwildwonder.com/cdn/shop/files/Lexi_3616e747-331f-4296-8f80-11a458e255d9_400x1485.png]
[drinkwildwonder.com/pages/subscribe.html]
[drinkwildwonder.com/cdn/shop/files/1_b3dfcff0-f5df-484c-9ef0-5f75cec7fc89_{width}x6ba8.html]
[drinkwildwonder.com/cdn/shop/files/2_{width}x6ba8.html]
[drinkwildwonder.com/cdn/shop/files/3_aef74250-8bea-419d-8a9b-5395f8b25b04_{width}x6ba8.html]
[drinkwildwonder.com/pages/shipping-return-policy.html]
[drinkwildwonder.com/pages/privacy-policy.html]
[drinkwildwonder.com/pages/terms-of-service.html]
[drinkwildwonder.com/pages/accessibility-statement.html]
[drinkwildwonder.com/cdn/shop/t/58/assets/ico-select.svg]
[drinkwildwonder.com/collections/modules/v2/chunk.common_9bWy_6S0.esm.js]
[drinkwildwonder.com/collections/modules/v2/client.shop-login-button_DwzQxKIp.en.esm.js]
[drinkwildwonder.com/collections/GET.html]
[drinkwildwonder.com/collections/POST.html]
[drinkwildwonder.com/cdn/shop/files/Shop_Mobile_{width}xda34.html]
[drinkwildwonder.com/products/modules/v2/chunk.common_9bWy_6S0.esm.js]
[drinkwildwonder.com/products/modules/v2/client.shop-login-button_DwzQxKIp.en.esm.js]
[drinkwildwonder.com/products/GET.html]
[drinkwildwonder.com/products/POST.html]
[drinkwildwonder.com/cdn/shop/files/Variety_Pack_-_Shark_Tank_2_{width}xd830.html]
[drinkwildwonder.com/cdn/shop/products/RosaLiSharkTank_{width}x2a13.html]
[drinkwildwonder.com/cdn/shop/files/Variety_Pack_-_6_Flavors_12_Cans___3_{width}x0aeb.html]
[drinkwildwonder.com/cdn/shop/t/58/assets/section-nymphia80cc.css]
[drinkwildwonder.com/cdn/shop/t/58/assets/compare-table4659.css]
[drinkwildwonder.com/cdn/shop/t/58/assets/section-multicolumn5d8b.css]
[drinkwildwonder.com/cdn/shop/files/Variety_Pack_-_6_Flavors_12_Cans_2_{width}xfc4e.html]
[drinkwildwonder.com/cdn/shop/files/Variety_Pack_-_6_Flavors_12_Cans___2_{width}x0aeb.html]
[drinkwildwonder.com/cdn/shop/files/VarietyPack-BotanicalBundle_{width}x0907.html]
[drinkwildwonder.com/cdn/shop/files/preview_images/97d3672fe45743c68e9f78d626717e11.thumbnail.0000000000_{width}x8247.html]
[drinkwildwonder.com/cdn/shop/files/BotanicalBouquet2_{width}xfd81.html]
[drinkwildwonder.com/cdn/shop/files/Raspberry_1_{width}x2fc3.html]
[drinkwildwonder.com/cdn/shop/files/preview_images/5ed754bbe422444f80fb21b4747488c6.thumbnail.0000000000_{width}xf270.html]
[drinkwildwonder.com/cdn/shop/files/Raspberry_4_{width}xe6bb.html]
[drinkwildwonder.com/cdn/shop/files/Raspberry_3_{width}xe6bb.html]
[drinkwildwonder.com/cdn/shop/files/Strawberry_1_{width}x22f6.html]
[drinkwildwonder.com/cdn/shop/files/preview_images/3d8f4ce90a5240dda41a92ef30db1dfc.thumbnail.0000000000_{width}x65d2.html]
[drinkwildwonder.com/cdn/shop/files/Strawberry_4_{width}xbb86.html]
[drinkwildwonder.com/cdn/shop/files/Strawberry_3_{width}xbb86.html]
[drinkwildwonder.com/cdn/shop/files/Pineapple_1_green_{width}xd1b0.html]
[drinkwildwonder.com/cdn/shop/files/preview_images/d16dc35b54a146c6ba1f03245a31b233.thumbnail.0000000000_{width}x889c.html]
[drinkwildwonder.com/cdn/shop/files/Pineapple_4_green_{width}x380e.html]
[drinkwildwonder.com/cdn/shop/files/Pineapple_3_green_{width}x380e.html]
[drinkwildwonder.com/cdn/shop/files/Guava_1_{width}x3078.html]
[drinkwildwonder.com/cdn/shop/files/preview_images/be43c89982c3478fa48e11c21426f179.thumbnail.0000000000_{width}x8a8b.html]
[drinkwildwonder.com/cdn/shop/files/Guava_4_{width}x2722.html]
[drinkwildwonder.com/cdn/shop/files/Guava_3_{width}xcb79.html]
[drinkwildwonder.com/cdn/shop/files/Mango_1_{width}x67f2.html]
[drinkwildwonder.com/cdn/shop/files/preview_images/4fdabde8c6e04bf998ccaaab28a23de6.thumbnail.0000000000_{width}xf5f3.html]
[drinkwildwonder.com/cdn/shop/files/Mango_4_{width}xc679.html]
[drinkwildwonder.com/cdn/shop/files/Mango_3_{width}xc679.html]
[drinkwildwonder.com/cdn/shop/files/Peach_1_{width}x16c7.html]
[drinkwildwonder.com/cdn/shop/files/Peach_2_{width}x3677.html]
[drinkwildwonder.com/cdn/shop/files/Peach_3_{width}x3677.html]
[drinkwildwonder.com/cdn/shop/t/58/assets/banner-evergreenec56.css]
[drinkwildwonder.com/cdn/shop/t/58/assets/banner-newflavour1b8f.css]
[drinkwildwonder.com/cdn/shop/t/58/assets/section-product-main-bundledc72.css]
[drinkwildwonder.com/cdn/shop/t/58/assets/section-value-propsacbe.css]
[drinkwildwonder.com/pages/modules/v2/chunk.common_9bWy_6S0.esm.js]
[drinkwildwonder.com/pages/modules/v2/client.shop-login-button_DwzQxKIp.en.esm.js]
[drinkwildwonder.com/pages/GET.html]
[drinkwildwonder.com/pages/POST.html]
[drinkwildwonder.com/cdn/shop/t/58/assets/banner-learnmore51ff.css]
[drinkwildwonder.com/cdn/shop/files/check_4e19e.png]
[drinkwildwonder.com/cdn/shop/t/58/assets/image_with_description302e.css]
[drinkwildwonder.com/cdn/shop/t/58/assets/learn-more-image-with-textbebb.css]
[drinkwildwonder.com/cdn/shop/files/micro-macro-V1-02-2-_2__new_{width}xe28e.html]
[drinkwildwonder.com/cdn/shop/files/image-_1_-2-_1__new_new_{width}xa7b1.html]
[drinkwildwonder.com/cdn/shop/files/micro-macro-V1-04-1_{width}xafff.html]
[drinkwildwonder.com/blogs/modules/v2/chunk.common_9bWy_6S0.esm.js]
[drinkwildwonder.com/blogs/modules/v2/client.shop-login-button_DwzQxKIp.en.esm.js]
[drinkwildwonder.com/blogs/GET.html]
[drinkwildwonder.com/blogs/POST.html]
[drinkwildwonder.com/cdn/shop/t/58/assets/blog-main-bannera38e.css]
[drinkwildwonder.com/cdn/shop/t/58/assets/blog-main202c.css]
[drinkwildwonder.com/blogs/mixology.atom]
[drinkwildwonder.com/blogs/mixology4658.html]
[drinkwildwonder.com/cdn/shop/files/Vector-8f102.png]
[drinkwildwonder.com/cdn/shop/files/Vector-6_0506a47b-367d-4385-ab5f-0a84f0e7df2f9d0e.png]
[drinkwildwonder.com/blogs/mixology/berry-nojito.html]
[drinkwildwonder.com/cdn/shop/articles/Berry_Nojito_520x500_520x500_520x500_4285bfa4-1d16-4ebe-b0b3-935c9df9963e_400x12ca.jpg]
[drinkwildwonder.com/blogs/mixology/grinch-mocktail.html]
[drinkwildwonder.com/cdn/shop/articles/Blog_Photos_2_520x500_520x500_520x500_520x500_520x500_9f17b500-8481-4230-bd8c-60472957924c_400xfc20.png]
[drinkwildwonder.com/blogs/mixology/berry-merry-spritz.html]
[drinkwildwonder.com/cdn/shop/articles/202411-wildwonderxYeah_-Recipes-Web-019-3x2-V3-min_520x500_520x500_47ffb5c6-4494-437f-a5cc-7c0e4ae2f78f_400x058a.jpg]
[drinkwildwonder.com/blogs/mixology/pineapple-cucumber-refresher.html]
[drinkwildwonder.com/cdn/shop/articles/Pineapple_Cucumber_Refresher_blog_520x500_520x500_520x500_520x500_b39093e2-a8ee-43e9-922b-8a1ea5820553_400x4099.jpg]
[drinkwildwonder.com/blogs/mixology/dole-whip.html]
[drinkwildwonder.com/cdn/shop/articles/Dole_Whip_520x500_520x500_1ac8d835-a5fa-4275-b9b8-fbc2b3a0959a_400x9d25.jpg]
[drinkwildwonder.com/blogs/mixology/strawberry-thai-tea.html]
[drinkwildwonder.com/cdn/shop/articles/Strawberry_Thai_Tea_520x500_520x500_520x500_520x500_61c4b87b-5416-4541-bb1b-43947e52475e_400x1820.jpg]
[drinkwildwonder.com/blogs/mixology/pride-mocktail.html]
[drinkwildwonder.com/cdn/shop/articles/Pride_Mocktail_520x500_520x500_6e8d7c91-c8de-45ad-82f8-a66797d01bab_400xba41.jpg]
[drinkwildwonder.com/blogs/mixology/guava-rose-mockarita.html]
[drinkwildwonder.com/cdn/shop/articles/guava_rose_mockarita_520x500_520x500_520x500_520x500_520x500_520x500_520x500_520x500_7b4bc4c3-64a2-40c3-aafe-e1d6994d3837_400xcfe1.jpg]
[drinkwildwonder.com/blogs/mixology/frozen-raspberry-lychee-martini.html]
[drinkwildwonder.com/cdn/shop/articles/Frozen_Raspberry_Lychee_Martini_520x500_520x500_520x500_aedeb925-34cf-403d-ad40-0159cbc4e7c9_400x95e8.jpg]
[drinkwildwonder.com/blogs/mixology/raspberry-lychee-pink-lemonade.html]
[drinkwildwonder.com/cdn/shop/articles/Raspberry_Lychee_Pink_Lemonade_400xe013.jpg]
[drinkwildwonder.com/blogs/mixology/mango-sunrise.html]
[drinkwildwonder.com/cdn/shop/articles/Mango_Sunrise_520x500_0ce0bea0-c404-463f-8874-fa375b9fcf74_400xbc7d.jpg]
[drinkwildwonder.com/blogs/mixology/spicy-mango-margarita.html]
[drinkwildwonder.com/cdn/shop/articles/Spicy_Mango_Mockarita_3f4af51a-c888-451f-9136-f62cf022b04d_400xb924.jpg]
[drinkwildwonder.com/blogs/mixology/coconut-pineapple-margarita.html]
[drinkwildwonder.com/cdn/shop/articles/CoconutPineappleMocktail_520x500_520x500_520x500_40d9d319-a83b-4382-9e4a-8fe2567cb696_400xdf2c.jpg]
[drinkwildwonder.com/blogs/mixology/raspberry-sour-mocktail.html]
[drinkwildwonder.com/cdn/shop/articles/Raspberry_Sour_Mocktail_blog_520x500_520x500_6f601a69-7927-4b48-becb-de15f681acc2_400xf2f6.jpg]
[drinkwildwonder.com/blogs/mixology/raspberry-lychee-martini-mocktail.html]
[drinkwildwonder.com/cdn/shop/articles/Blog_Photos_3_520x500_520x500_520x500_12a5a881-bcb6-4d4e-9af2-fe08de9188be_400xb9bf.png]
[drinkwildwonder.com/blogs/mixology/clementine-smash.html]
[drinkwildwonder.com/cdn/shop/articles/Clemintine_Smash_520x500_520x500_520x500_520x500_520x500_520x500_520x500_965cf6f0-975c-43ea-8513-747ab58b5420_400x5e5b.jpg]
[drinkwildwonder.com/blogs/mixology/berry-bliss-mocktail.html]
[drinkwildwonder.com/cdn/shop/articles/Berry_Bliss_520x500_520x500_520x500_dde569a5-5fb1-4fee-be94-ab9d00342457_400x7a64.jpg]
[drinkwildwonder.com/blogs/mixology/blood-orange-creamsicle-mocktail.html]
[drinkwildwonder.com/cdn/shop/articles/Blood_Orange_Creamsicle_520x500_520x500_d8952b5e-c7ff-44b2-83ed-9fa0cc88f040_400x9dc7.jpg]
[drinkwildwonder.com/blogs/mixology/guava-rose-mojito-mocktail.html]
[drinkwildwonder.com/cdn/shop/articles/Guava_Rose_Mojito_Mocktail_520x500_520x500_f4c2d6b5-ae32-4ac9-b090-cd634d72f4ac_400x3e3f.jpg]
[drinkwildwonder.com/blogs/mixology/strawberry-matcha.html]
[drinkwildwonder.com/cdn/shop/articles/Strawberry_Matcha_520x500_520x500_520x500_520x500_7503401a-6584-4776-b7bb-43b1965512c5_400xc3c3.jpg]
[drinkwildwonder.com/blogs/mixology/frozen-banana-coffee-bliss.html]
[drinkwildwonder.com/cdn/shop/articles/Frozen_Banana_Coffee_Bliss_400xd770.jpg]
[drinkwildwonder.com/blogs/mixology.html]
[drinkwildwonder.com/cdn/shop/articles/Scale_Final72fe.jpg]
[drinkwildwonder.com/blogs/gut-wellness/modules/v2/chunk.common_9bWy_6S0.esm.js]
[drinkwildwonder.com/blogs/gut-wellness/modules/v2/client.shop-login-button_DwzQxKIp.en.esm.js]
[drinkwildwonder.com/cdn/shop/t/58/compiled_assets/scripts9444.js]
[drinkwildwonder.com/blogs/gut-wellness/GET]
[drinkwildwonder.com/blogs/gut-wellness/POST]
[drinkwildwonder.com/cdn/shop/t/58/assets/article-template083b.css]
[drinkwildwonder.com/cdn/shop/articles/Scale_Final_1400x72fe.jpg]
[drinkwildwonder.com/blogs/gut-wellness/tagged/gut-wellness.html]
[cdn.jsdelivr.net/npm/slick-carousel@1.8.1/slick/slick.css]
[cdnjs.cloudflare.com/ajax/libs/slick-carousel/1.9.0/slick-theme.min.css]
[cdnjs.cloudflare.com/ajax/libs/slick-carousel/1.9.0/slick.min.js]
[drinkwildwonder.com/cdn/shop/files/blog_curv_64f05000-62f5-443f-885b-031d57a34bfca9e0.png]
[drinkwildwonder.com/cdn/shop/files/Vector-6_4040175b-d073-4c57-a197-8b4931c8c72ef58b.png]
[drinkwildwonder.com/cdn/shop/articles/SodaBeer_Finala9e1.jpg]
[drinkwildwonder.com/cdn/shop/articles/WhatisPrebioticFiber2351.png]
[drinkwildwonder.com/cdn/shop/articles/Can_probiotics_help_with_IBS8ad2.png]
[drinkwildwonder.com/cdn/shop/articles/gutboosting_benefits_of_chicory_rootf13f.png]
[drinkwildwonder.com/cdn/shop/articles/12_of_the_best_probiotic_drinkseda1.png]
[drinkwildwonder.com/cdn/shop/articles/prebiotic_soda_-_what_is_itef83.png]
[drinkwildwonder.com/cdn/shop/articles/probiotic_strains8194.png]
[drinkwildwonder.com/cdn/shop/articles/Top_immune_boosting_foods627c.png]
[drinkwildwonder.com/cdn/shop/articles/raspberry_lycheee2cf.png]
[drinkwildwonder.com/cdn/shop/articles/importance_of_QI76af.png]
[drinkwildwonder.com/cdn/shop/articles/wildwonder_vs_diet_soda0532.png]
[drinkwildwonder.com/cdn/shop/articles/mental_health_and_gut_health_linkfc94.png]
[drinkwildwonder.com/cdn/shop/articles/Holistic_gut_health4c2e.png]
[drinkwildwonder.com/blogs/gut-wellness/monk-fruit-vs-stevia-which-is-better.html]
[drinkwildwonder.com/cdn/shop/articles/SodaBeer_Final_1400xa9e1.jpg]
[drinkwildwonder.com/products/variety-pack/1000.html]
[cdn.shopify.com/s/files/1/0264/8952/0171/files/Lauren_Manaker_480x480d719.png]
[drinkwildwonder.com/blogs/gut-wellness/soda-vs-beer.html]
[drinkwildwonder.com/cdn/shop/articles/WhatisPrebioticFiber_1400x2351.png]
[drinkwildwonder.com/blogs/gut-wellness/unveiling-the-synergy-of-chicory-root-and-jerusalem-artichoke-in-wildwonder.html]
[drinkwildwonder.com/cdn/shop/articles/Can_probiotics_help_with_IBS_1400x8ad2.png]
[drinkwildwonder.com/blogs/gut-wellness/can-probiotics-help-with-ibs.html]
[drinkwildwonder.com/cdn/shop/articles/gutboosting_benefits_of_chicory_root_1400xf13f.png]
[drinkwildwonder.com/blogs/gut-wellness/the-gut-boosting-health-benefits-of-chicory-root-fiber.html]
[drinkwildwonder.com/cdn/shop/articles/12_of_the_best_probiotic_drinks_1400xeda1.png]
[drinkwildwonder.com/blogs/gut-wellness/12-of-the-best-probiotic-drinks-for-gut-health.html]
[drinkwildwonder.com/cdn/shop/articles/prebiotic_soda_-_what_is_it_1400xef83.png]
[drinkwildwonder.com/blogs/gut-wellness/prebiotic-soda-what-is-it-and-is-it-actually-good-for-you.html]
[drinkwildwonder.com/cdn/shop/articles/probiotic_strains_1400x8194.png]
[drinkwildwonder.com/blogs/gut-wellness/probiotic-strains-what-works-best-for-gut-health.html]
[drinkwildwonder.com/cdn/shop/articles/Top_immune_boosting_foods_1400x627c.png]
[drinkwildwonder.com/blogs/gut-wellness/top-immune-boosting-foods-to-shield-your-health.html]
[drinkwildwonder.com/cdn/shop/articles/raspberry_lychee_1400xe2cf.png]
[cdn.shopify.com/s/files/1/0264/8952/0171/files/attachment_160x16049ca.png]
[cdn.shopify.com/s/files/1/0264/8952/0171/files/attachment_480x48049ca.png]
[drinkwildwonder.com/blogs/gut-wellness/big-flavor-bigger-benefits.html]
[drinkwildwonder.com/cdn/shop/articles/importance_of_QI_1400x76af.png]
[cdn.shopify.com/s/files/1/0264/8952/0171/files/Group_1_240x2402426.png]
[drinkwildwonder.com/blogs/gut-wellness/the-importance-of-qi.html]
[drinkwildwonder.com/cdn/shop/articles/wildwonder_vs_diet_soda_1400x0532.png]
[drinkwildwonder.com/blogs/gut-wellness/wildwonder-vs-diet-soda.html]
[drinkwildwonder.com/cdn/shop/articles/mental_health_and_gut_health_link_1400xfc94.png]
[drinkwildwonder.com/blogs/gut-wellness/happy-gut-happy-mind-exploring-the-surprising-link-between-digestive-health-and-mental-well-being.html]
[drinkwildwonder.com/cdn/shop/articles/Holistic_gut_health_1400x4c2e.png]
[drinkwildwonder.com/blogs/gut-wellness/holistic-gut-health.html]
[drinkwildwonder.com/cdn/shop/t/58/assets/our-story-main-banner2373.css]
[drinkwildwonder.com/cdn/shop/t/58/assets/story-our-founder7119.css]
[drinkwildwonder.com/cdn/shop/files/Component_1_4_{width}xe371.html]
[drinkwildwonder.com/cdn/shop/t/58/assets/story-image-with-textc0a8.css]
[drinkwildwonder.com/cdn/shop/files/Component_1_3_7ca13fa3-4249-40c8-9c0e-98680acbe61b_{width}xd89a.html]
[drinkwildwonder.com/cdn/shop/t/58/assets/story-side-by-side-image-w-text6994.css]
[drinkwildwonder.com/cdn/shop/files/ASR08343_{width}x170f.html]
[drinkwildwonder.com/cdn/shop/files/Component_1_1_ee70931e-05a1-428b-94e7-42c979ac920f_{width}x01d5.html]
[drinkwildwonder.com/cdn/shop/files/Component_2_1_f7c4b584-e053-4924-81c7-70cd704b471e_{width}x9712.html]
[drinkwildwonder.com/cdn/shop/files/Component_3_1_97534d3a-b69a-47eb-9601-02292452e69a_{width}x399c.html]
[drinkwildwonder.com/cdn/shop/files/Component_4_1_{width}xb875.html]
[drinkwildwonder.com/cdn/shop/files/Component_5_1_22af0eb5-bbb8-47e8-a674-07ed67d99f77_{width}xba85.html]
[drinkwildwonder.com/cdn/shop/files/Component_6_1_085eeb88-d551-4a48-b463-26e7198c124e_{width}x04a4.html]
[drinkwildwonder.com/account/login.html]
[drinkwildwonder.com/account/modules/v2/chunk.common_9bWy_6S0.esm.js]
[drinkwildwonder.com/account/modules/v2/client.shop-login-button_DwzQxKIp.en.esm.js]
[drinkwildwonder.com/account/GET.html]
[drinkwildwonder.com/account/POST.html]
[drinkwildwonder.com/apps/customers/modules/v2/chunk.common_9bWy_6S0.esm.js]
[drinkwildwonder.com/apps/customers/modules/v2/client.shop-login-button_DwzQxKIp.en.esm.js]
[drinkwildwonder.com/apps/customers/GET]
[drinkwildwonder.com/apps/customers/POST]
[subscriptions.tryprive.com/_next/static/chunks/polyfills-a40ef1678bae11e696dba45124eadd70.js]
[subscriptions.tryprive.com/_next/static/chunks/webpack-5642e8f220ee90c3e1b8.js]
[subscriptions.tryprive.com/_next/static/chunks/framework-f842fcdb0073a7a4cdbc.js]
[subscriptions.tryprive.com/_next/static/chunks/main-789c38622394ad85c13b.js]
[subscriptions.tryprive.com/_next/static/chunks/pages/_app-8de160dd314b18af10f3.js]
[subscriptions.tryprive.com/_next/static/chunks/a8e3d9c0-ac2813fbd33ae789014a.js]
[subscriptions.tryprive.com/_next/static/chunks/2edb282b-739b6edbc3f19808bef4.js]
[subscriptions.tryprive.com/_next/static/chunks/ba7db96d-3033f6eade3e223ec73b.js]
[subscriptions.tryprive.com/_next/static/chunks/26b428fa-f3a9b04fd11c4ccf930c.js]
[subscriptions.tryprive.com/_next/static/chunks/12-9c540b5d208f6c312072.js]
[subscriptions.tryprive.com/_next/static/chunks/833-81e3cbc52351a08a47d5.js]
[subscriptions.tryprive.com/_next/static/chunks/642-18ef15f82989f344c446.js]
[subscriptions.tryprive.com/_next/static/chunks/727-bee100128b18a585e747.js]
[subscriptions.tryprive.com/_next/static/chunks/567-95c292961de6b4267863.js]
[subscriptions.tryprive.com/_next/static/chunks/782-f7fc37af245567eb7966.js]
[subscriptions.tryprive.com/_next/static/chunks/930-6ea1189168d22f403166.js]
[subscriptions.tryprive.com/_next/static/chunks/pages/portal-fdd3dd13a762c8f40d1b.js]
[subscriptions.tryprive.com/_next/static/jxXRKkzPFU76J3QlUdK6k/_buildManifest.js]
[subscriptions.tryprive.com/_next/static/jxXRKkzPFU76J3QlUdK6k/_ssgManifest.js]
[drinkwildwonder.com/apps/customers/portal.html]
[drinkwildwonder.com/account/register.html]
[drinkwildwonder.com/cdn/shop/files/Banana_1_{width}x9d67.html]
[drinkwildwonder.com/cdn/shop/files/preview_images/7e29201ed81643a39b02bb272d01d24c.thumbnail.0000000000_{width}x7501.html]
[drinkwildwonder.com/cdn/shop/files/Banana_5_{width}x019c.html]
[drinkwildwonder.com/cdn/shop/files/Banana_3_{width}x865d.html]
[drinkwildwonder.com/cdn/shop/files/Banana_6_{width}xad56.html]
[drinkwildwonder.com/cdn/shop/files/Banana_7_{width}x2343.html]
[drinkwildwonder.com/cdn/shop/files/Subscribe_Mobile_{width}xeeb7.html]
[drinkwildwonder.com/cdn/shop/files/John_3b828203-8625-456e-b68f-743b51d7bc25_{width}x1485.html]
[drinkwildwonder.com/cdn/shop/files/Sarah_640b1021-4db7-4838-be81-d436c1246362_{width}x1485.html]
[drinkwildwonder.com/cdn/shop/files/Kelly_e660dc34-d557-4963-8f52-eae79ed1d66d_{width}x1485.html]
[drinkwildwonder.com/cdn/shop/files/Lexi_3616e747-331f-4296-8f80-11a458e255d9_{width}x1485.html]
[drinkwildwonder.com/blogs/mixology2679.html]
[drinkwildwonder.com/blogs/mixology/apple-cider-mule.html]
[drinkwildwonder.com/cdn/shop/articles/Apple_Cider_Mule_520x500_520x500_520x500_520x500_30d14939-99cb-463d-a315-de5a24c7c3b1_400x397a.jpg]
[drinkwildwonder.com/blogs/mixology/banana-ice-cream-float.html]
[drinkwildwonder.com/cdn/shop/articles/Banana_Ice_Cream_Float_520x500_520x500_3a93a9d0-7f83-4e57-a04c-2edc37112eef_400x3ca3.jpg]
[drinkwildwonder.com/blogs/mixology/strawberry-hwachae.html]
[drinkwildwonder.com/cdn/shop/articles/hwache_520x500_520x500_520x500_520x500_520x500_94e5751f-c87b-40ac-abee-918e1d3e60e4_400x322e.jpg]
[drinkwildwonder.com/blogs/mixology4658.html]
[drinkwildwonder.com/cdn/shop/articles/Berry_Nojito_520x500_520x500_520x500_4285bfa4-1d16-4ebe-b0b3-935c9df9963e12ca.jpg]
[drinkwildwonder.com/blogs/mixology/modules/v2/chunk.common_9bWy_6S0.esm.js]
[drinkwildwonder.com/blogs/mixology/modules/v2/client.shop-login-button_DwzQxKIp.en.esm.js]
[drinkwildwonder.com/blogs/mixology/GET]
[drinkwildwonder.com/blogs/mixology/POST]
[drinkwildwonder.com/cdn/shop/articles/Berry_Nojito_520x500_520x500_520x500_4285bfa4-1d16-4ebe-b0b3-935c9df9963e_1400x12ca.jpg]
[drinkwildwonder.com/blogs/mixology/tagged/mixology.html]
[drinkwildwonder.com/cdn/shop/articles/Blog_Photos_2_520x500_520x500_520x500_520x500_520x500_9f17b500-8481-4230-bd8c-60472957924cfc20.png]
[drinkwildwonder.com/cdn/shop/articles/202411-wildwonderxYeah_-Recipes-Web-019-3x2-V3-min_520x500_520x500_47ffb5c6-4494-437f-a5cc-7c0e4ae2f78f058a.jpg]
[drinkwildwonder.com/cdn/shop/articles/Pineapple_Cucumber_Refresher_blog_520x500_520x500_520x500_520x500_b39093e2-a8ee-43e9-922b-8a1ea58205534099.jpg]
[drinkwildwonder.com/cdn/shop/articles/Dole_Whip_520x500_520x500_1ac8d835-a5fa-4275-b9b8-fbc2b3a0959a9d25.jpg]
[drinkwildwonder.com/cdn/shop/articles/Strawberry_Thai_Tea_520x500_520x500_520x500_520x500_61c4b87b-5416-4541-bb1b-43947e52475e1820.jpg]
[drinkwildwonder.com/cdn/shop/articles/Pride_Mocktail_520x500_520x500_6e8d7c91-c8de-45ad-82f8-a66797d01babba41.jpg]
[drinkwildwonder.com/cdn/shop/articles/guava_rose_mockarita_520x500_520x500_520x500_520x500_520x500_520x500_520x500_520x500_7b4bc4c3-64a2-40c3-aafe-e1d6994d3837cfe1.jpg]
[drinkwildwonder.com/cdn/shop/articles/Frozen_Raspberry_Lychee_Martini_520x500_520x500_520x500_aedeb925-34cf-403d-ad40-0159cbc4e7c995e8.jpg]
[drinkwildwonder.com/cdn/shop/articles/Raspberry_Lychee_Pink_Lemonadee013.jpg]
[drinkwildwonder.com/cdn/shop/articles/Mango_Sunrise_520x500_0ce0bea0-c404-463f-8874-fa375b9fcf74bc7d.jpg]
[drinkwildwonder.com/cdn/shop/articles/Spicy_Mango_Mockarita_3f4af51a-c888-451f-9136-f62cf022b04db924.jpg]
[drinkwildwonder.com/cdn/shop/articles/CoconutPineappleMocktail_520x500_520x500_520x500_40d9d319-a83b-4382-9e4a-8fe2567cb696df2c.jpg]
[drinkwildwonder.com/cdn/shop/articles/Raspberry_Sour_Mocktail_blog_520x500_520x500_6f601a69-7927-4b48-becb-de15f681acc2f2f6.jpg]
[drinkwildwonder.com/cdn/shop/articles/Blog_Photos_3_520x500_520x500_520x500_12a5a881-bcb6-4d4e-9af2-fe08de9188beb9bf.png]
[drinkwildwonder.com/cdn/shop/articles/Clemintine_Smash_520x500_520x500_520x500_520x500_520x500_520x500_520x500_965cf6f0-975c-43ea-8513-747ab58b54205e5b.jpg]
[drinkwildwonder.com/cdn/shop/articles/Berry_Bliss_520x500_520x500_520x500_dde569a5-5fb1-4fee-be94-ab9d003424577a64.jpg]
[drinkwildwonder.com/cdn/shop/articles/Blood_Orange_Creamsicle_520x500_520x500_d8952b5e-c7ff-44b2-83ed-9fa0cc88f0409dc7.jpg]
[drinkwildwonder.com/cdn/shop/articles/Guava_Rose_Mojito_Mocktail_520x500_520x500_f4c2d6b5-ae32-4ac9-b090-cd634d72f4ac3e3f.jpg]
[drinkwildwonder.com/cdn/shop/articles/Strawberry_Matcha_520x500_520x500_520x500_520x500_7503401a-6584-4776-b7bb-43b1965512c5c3c3.jpg]
[drinkwildwonder.com/cdn/shop/articles/Frozen_Banana_Coffee_Blissd770.jpg]
[drinkwildwonder.com/cdn/shop/articles/Apple_Cider_Mule_520x500_520x500_520x500_520x500_30d14939-99cb-463d-a315-de5a24c7c3b1397a.jpg]
[drinkwildwonder.com/cdn/shop/articles/Banana_Ice_Cream_Float_520x500_520x500_3a93a9d0-7f83-4e57-a04c-2edc37112eef3ca3.jpg]
[drinkwildwonder.com/cdn/shop/articles/hwache_520x500_520x500_520x500_520x500_520x500_94e5751f-c87b-40ac-abee-918e1d3e60e4322e.jpg]
[drinkwildwonder.com/blogs/mixology/berry-nojito.html]
[drinkwildwonder.com/cdn/shop/articles/Blog_Photos_2_520x500_520x500_520x500_520x500_520x500_9f17b500-8481-4230-bd8c-60472957924c_1400xfc20.png]
[drinkwildwonder.com/blogs/mixology/grinch-mocktail.html]
[drinkwildwonder.com/cdn/shop/articles/202411-wildwonderxYeah_-Recipes-Web-019-3x2-V3-min_520x500_520x500_47ffb5c6-4494-437f-a5cc-7c0e4ae2f78f_1400x058a.jpg]
[drinkwildwonder.com/blogs/mixology/berry-merry-spritz.html]
[drinkwildwonder.com/cdn/shop/articles/Pineapple_Cucumber_Refresher_blog_520x500_520x500_520x500_520x500_b39093e2-a8ee-43e9-922b-8a1ea5820553_1400x4099.jpg]
[drinkwildwonder.com/blogs/mixology/pineapple-cucumber-refresher.html]
[drinkwildwonder.com/cdn/shop/articles/Dole_Whip_520x500_520x500_1ac8d835-a5fa-4275-b9b8-fbc2b3a0959a_1400x9d25.jpg]
[drinkwildwonder.com/blogs/mixology/dole-whip.html]
[drinkwildwonder.com/cdn/shop/articles/Strawberry_Thai_Tea_520x500_520x500_520x500_520x500_61c4b87b-5416-4541-bb1b-43947e52475e_1400x1820.jpg]
[drinkwildwonder.com/blogs/mixology/strawberry-thai-tea.html]
[drinkwildwonder.com/cdn/shop/articles/Pride_Mocktail_520x500_520x500_6e8d7c91-c8de-45ad-82f8-a66797d01bab_1400xba41.jpg]
[drinkwildwonder.com/blogs/mixology/pride-mocktail.html]
[drinkwildwonder.com/cdn/shop/articles/guava_rose_mockarita_520x500_520x500_520x500_520x500_520x500_520x500_520x500_520x500_7b4bc4c3-64a2-40c3-aafe-e1d6994d3837_1400xcfe1.jpg]
[drinkwildwonder.com/blogs/mixology/guava-rose-mockarita.html]
[drinkwildwonder.com/cdn/shop/articles/Frozen_Raspberry_Lychee_Martini_520x500_520x500_520x500_aedeb925-34cf-403d-ad40-0159cbc4e7c9_1400x95e8.jpg]
[drinkwildwonder.com/blogs/mixology/frozen-raspberry-lychee-martini.html]
[drinkwildwonder.com/cdn/shop/articles/Raspberry_Lychee_Pink_Lemonade_1400xe013.jpg]
[drinkwildwonder.com/blogs/mixology/raspberry-lychee-pink-lemonade.html]
[drinkwildwonder.com/cdn/shop/articles/Mango_Sunrise_520x500_0ce0bea0-c404-463f-8874-fa375b9fcf74_1400xbc7d.jpg]
[drinkwildwonder.com/blogs/mixology/mango-sunrise.html]
[drinkwildwonder.com/cdn/shop/articles/Spicy_Mango_Mockarita_3f4af51a-c888-451f-9136-f62cf022b04d_1400xb924.jpg]
[drinkwildwonder.com/blogs/mixology/spicy-mango-margarita.html]
[drinkwildwonder.com/cdn/shop/articles/CoconutPineappleMocktail_520x500_520x500_520x500_40d9d319-a83b-4382-9e4a-8fe2567cb696_1400xdf2c.jpg]
[drinkwildwonder.com/blogs/mixology/coconut-pineapple-margarita.html]
[drinkwildwonder.com/cdn/shop/articles/Raspberry_Sour_Mocktail_blog_520x500_520x500_6f601a69-7927-4b48-becb-de15f681acc2_1400xf2f6.jpg]
[drinkwildwonder.com/blogs/mixology/raspberry-sour-mocktail.html]
[drinkwildwonder.com/cdn/shop/articles/Blog_Photos_3_520x500_520x500_520x500_12a5a881-bcb6-4d4e-9af2-fe08de9188be_1400xb9bf.png]
[drinkwildwonder.com/blogs/mixology/raspberry-lychee-martini-mocktail.html]
[drinkwildwonder.com/cdn/shop/articles/Clemintine_Smash_520x500_520x500_520x500_520x500_520x500_520x500_520x500_965cf6f0-975c-43ea-8513-747ab58b5420_1400x5e5b.jpg]
[drinkwildwonder.com/blogs/mixology/clementine-smash.html]
[drinkwildwonder.com/cdn/shop/articles/Berry_Bliss_520x500_520x500_520x500_dde569a5-5fb1-4fee-be94-ab9d00342457_1400x7a64.jpg]
[drinkwildwonder.com/blogs/mixology/berry-bliss-mocktail.html]
[drinkwildwonder.com/cdn/shop/articles/Blood_Orange_Creamsicle_520x500_520x500_d8952b5e-c7ff-44b2-83ed-9fa0cc88f040_1400x9dc7.jpg]
[drinkwildwonder.com/blogs/mixology/blood-orange-creamsicle-mocktail.html]
[drinkwildwonder.com/cdn/shop/articles/Guava_Rose_Mojito_Mocktail_520x500_520x500_f4c2d6b5-ae32-4ac9-b090-cd634d72f4ac_1400x3e3f.jpg]
[drinkwildwonder.com/blogs/mixology/guava-rose-mojito-mocktail.html]
[drinkwildwonder.com/cdn/shop/articles/Strawberry_Matcha_520x500_520x500_520x500_520x500_7503401a-6584-4776-b7bb-43b1965512c5_1400xc3c3.jpg]
[drinkwildwonder.com/blogs/mixology/strawberry-matcha.html]
[drinkwildwonder.com/cdn/shop/articles/Frozen_Banana_Coffee_Bliss_1400xd770.jpg]
[drinkwildwonder.com/blogs/mixology/frozen-banana-coffee-bliss.html]
[drinkwildwonder.com/blogs/gut-wellness/modules/v2/chunk.common_9bWy_6S0.esm.js]
[drinkwildwonder.com/blogs/gut-wellness/modules/v2/client.shop-login-button_DwzQxKIp.en.esm.js]
[drinkwildwonder.com/blogs/gut-wellness/GET.html]
[drinkwildwonder.com/blogs/gut-wellness/POST.html]
[drinkwildwonder.com/cdn/shop/t/58/assets/article-template083b.css]
[drinkwildwonder.com/blogs/gut-wellness/tagged/gut-wellness.atom]
[drinkwildwonder.com/blogs/gut-wellness/tagged/modules/v2/chunk.common_9bWy_6S0.esm.js]
[drinkwildwonder.com/blogs/gut-wellness/tagged/modules/v2/client.shop-login-button_DwzQxKIp.en.esm.js]
[drinkwildwonder.com/blogs/gut-wellness/tagged/GET]
[drinkwildwonder.com/blogs/gut-wellness/tagged/POST]
[drinkwildwonder.com/blogs/gut-wellness/tagged/gut-wellness.html]
[cdn.jsdelivr.net/npm/slick-carousel@1.8.1/slick/slick.css]
[cdnjs.cloudflare.com/ajax/libs/slick-carousel/1.9.0/ajax-loader.gif]
[cdnjs.cloudflare.com/ajax/libs/slick-carousel/1.9.0/fonts/slick.eot]
[cdnjs.cloudflare.com/ajax/libs/slick-carousel/1.9.0/fonts/slickd41d.eot]
[cdnjs.cloudflare.com/ajax/libs/slick-carousel/1.9.0/fonts/slick.woff]
[cdnjs.cloudflare.com/ajax/libs/slick-carousel/1.9.0/fonts/slick.ttf]
[cdnjs.cloudflare.com/ajax/libs/slick-carousel/1.9.0/slick-theme.min.css]
[cdnjs.cloudflare.com/ajax/libs/slick-carousel/1.9.0/fonts/slick.svg]
[drinkwildwonder.com/products/variety-pack/modules/v2/chunk.common_9bWy_6S0.esm.js]
[drinkwildwonder.com/products/variety-pack/modules/v2/client.shop-login-button_DwzQxKIp.en.esm.js]
[drinkwildwonder.com/products/variety-pack/GET.html]
[drinkwildwonder.com/products/variety-pack/1000.html]
[drinkwildwonder.com/apps/customers/modules/v2/chunk.common_9bWy_6S0.esm.html]
[drinkwildwonder.com/apps/customers/modules/v2/client.shop-login-button_DwzQxKIp.en.esm.html]
[drinkwildwonder.com/apps/customers/GET.html]
[drinkwildwonder.com/apps/customers/POST.html]
[subscriptions.tryprive.com/_next/static/css/d3a39a327343584095ba.css]
[drinkwildwonder.com/blogs/mixology2679.html]
[drinkwildwonder.com/products/variety-pack/POST.html]
[drinkwildwonder.com/cdn/shop/articles/Apple_Cider_Mule_520x500_520x500_520x500_520x500_30d14939-99cb-463d-a315-de5a24c7c3b1_1400x397a.jpg]
[drinkwildwonder.com/blogs/mixology/apple-cider-mule.html]
[drinkwildwonder.com/cdn/shop/articles/Banana_Ice_Cream_Float_520x500_520x500_3a93a9d0-7f83-4e57-a04c-2edc37112eef_1400x3ca3.jpg]
[drinkwildwonder.com/blogs/mixology/banana-ice-cream-float.html]
[drinkwildwonder.com/cdn/shop/articles/hwache_520x500_520x500_520x500_520x500_520x500_94e5751f-c87b-40ac-abee-918e1d3e60e4_1400x322e.jpg]
[drinkwildwonder.com/blogs/mixology/strawberry-hwachae.html]
[drinkwildwonder.com/blogs/mixology/modules/v2/chunk.common_9bWy_6S0.esm.js]
[drinkwildwonder.com/blogs/mixology/modules/v2/client.shop-login-button_DwzQxKIp.en.esm.js]
[drinkwildwonder.com/blogs/mixology/GET.html]
[drinkwildwonder.com/blogs/mixology/POST.html]
[drinkwildwonder.com/blogs/mixology/tagged/mixology.atom]
[drinkwildwonder.com/blogs/mixology/tagged/mixology4658.html]
[drinkwildwonder.com/blogs/mixology/tagged/modules/v2/chunk.common_9bWy_6S0.esm.js]
[drinkwildwonder.com/blogs/mixology/tagged/modules/v2/client.shop-login-button_DwzQxKIp.en.esm.js]
[drinkwildwonder.com/blogs/mixology/tagged/GET]
[drinkwildwonder.com/blogs/mixology/tagged/POST]
[drinkwildwonder.com/blogs/mixology/tagged/mixology.html]
[drinkwildwonder.com/blogs/gut-wellness/tagged/modules/v2/chunk.common_9bWy_6S0.esm.js]
[drinkwildwonder.com/blogs/gut-wellness/tagged/modules/v2/client.shop-login-button_DwzQxKIp.en.esm.js]
[drinkwildwonder.com/blogs/gut-wellness/tagged/GET.html]
[drinkwildwonder.com/blogs/gut-wellness/tagged/POST.html]
[cdnjs.cloudflare.com/ajax/libs/slick-carousel/1.9.0/fonts/slick.svg]
[drinkwildwonder.com/products/variety-pack/modules/v2/chunk.common_9bWy_6S0.esm.js]
[drinkwildwonder.com/products/variety-pack/modules/v2/client.shop-login-button_DwzQxKIp.en.esm.js]
[drinkwildwonder.com/products/variety-pack/GET.html]
[drinkwildwonder.com/products/variety-pack/POST.html]
[drinkwildwonder.com/blogs/mixology/tagged/mixology4658.html]
[drinkwildwonder.com/blogs/mixology/tagged/modules/v2/chunk.common_9bWy_6S0.esm.js]
[drinkwildwonder.com/blogs/mixology/tagged/modules/v2/client.shop-login-button_DwzQxKIp.en.esm.js]
[drinkwildwonder.com/blogs/mixology/tagged/GET.html]
[drinkwildwonder.com/blogs/mixology/tagged/POST.html]
[drinkwildwonder.com/blogs/mixology/tagged/mixology2679.html]
[drinkwildwonder.com/blogs/mixology/tagged/mixology2679.html]
